../USB_Device/Target/usbd_conf.c:158:6:HAL_PCD_SetupStageCallback	16	static
../USB_Device/Target/usbd_conf.c:179:6:HAL_PCD_DataOutStageCallback	16	static
../USB_Device/Target/usbd_conf.c:200:6:HAL_PCD_DataInStageCallback	16	static
../USB_Device/Target/usbd_conf.c:220:6:HAL_PCD_SOFCallback	16	static
../USB_Device/Target/usbd_conf.c:240:6:HAL_PCD_ResetCallback	24	static
../USB_Device/Target/usbd_conf.c:271:6:HAL_PCD_SuspendCallback	16	static
../USB_Device/Target/usbd_conf.c:301:6:HAL_PCD_ResumeCallback	16	static
../USB_Device/Target/usbd_conf.c:332:6:HAL_PCD_ISOOUTIncompleteCallback	16	static
../USB_Device/Target/usbd_conf.c:353:6:HAL_PCD_ISOINIncompleteCallback	16	static
../USB_Device/Target/usbd_conf.c:373:6:HAL_PCD_ConnectCallback	16	static
../USB_Device/Target/usbd_conf.c:393:6:HAL_PCD_DisconnectCallback	16	static
../USB_Device/Target/usbd_conf.c:418:20:USBD_LL_Init	16	static
../USB_Device/Target/usbd_conf.c:500:20:USBD_LL_DeInit	24	static
../USB_Device/Target/usbd_conf.c:517:20:USBD_LL_Start	24	static
../USB_Device/Target/usbd_conf.c:534:20:USBD_LL_Stop	24	static
../USB_Device/Target/usbd_conf.c:554:20:USBD_LL_OpenEP	24	static
../USB_Device/Target/usbd_conf.c:572:20:USBD_LL_CloseEP	24	static
../USB_Device/Target/usbd_conf.c:590:20:USBD_LL_FlushEP	24	static
../USB_Device/Target/usbd_conf.c:608:20:USBD_LL_StallEP	24	static
../USB_Device/Target/usbd_conf.c:626:20:USBD_LL_ClearStallEP	24	static
../USB_Device/Target/usbd_conf.c:644:9:USBD_LL_IsStallEP	24	static
../USB_Device/Target/usbd_conf.c:664:20:USBD_LL_SetUSBAddress	24	static
../USB_Device/Target/usbd_conf.c:684:20:USBD_LL_Transmit	32	static
../USB_Device/Target/usbd_conf.c:704:20:USBD_LL_PrepareReceive	32	static
../USB_Device/Target/usbd_conf.c:722:10:USBD_LL_GetRxDataSize	16	static
../USB_Device/Target/usbd_conf.c:736:6:HAL_PCDEx_LPM_Callback	16	static
../USB_Device/Target/usbd_conf.c:772:6:USBD_LL_Delay	16	static
../USB_Device/Target/usbd_conf.c:782:7:USBD_static_malloc	16	static
../USB_Device/Target/usbd_conf.c:793:6:USBD_static_free	16	static
../USB_Device/Target/usbd_conf.c:804:13:SystemClockConfig_Resume	8	static
../USB_Device/Target/usbd_conf.c:815:20:USBD_Get_USB_Status	24	static
