Archive member included to satisfy reference by file (symbol)

C:/ST/STM32CubeIDE_1.18.0/STM32CubeIDE/plugins/com.st.stm32cube.ide.mcu.externaltools.gnu-tools-for-stm32.13.3.rel1.win32_1.0.0.202411081344/tools/bin/../lib/gcc/arm-none-eabi/13.3.1/../../../../arm-none-eabi/lib/thumb/v8-m.main+fp/hard\libc_nano.a(libc_a-exit.o)
                              C:/ST/STM32CubeIDE_1.18.0/STM32CubeIDE/plugins/com.st.stm32cube.ide.mcu.externaltools.gnu-tools-for-stm32.13.3.rel1.win32_1.0.0.202411081344/tools/bin/../lib/gcc/arm-none-eabi/13.3.1/../../../../arm-none-eabi/lib/thumb/v8-m.main+fp/hard/crt0.o (exit)
C:/ST/STM32CubeIDE_1.18.0/STM32CubeIDE/plugins/com.st.stm32cube.ide.mcu.externaltools.gnu-tools-for-stm32.13.3.rel1.win32_1.0.0.202411081344/tools/bin/../lib/gcc/arm-none-eabi/13.3.1/../../../../arm-none-eabi/lib/thumb/v8-m.main+fp/hard\libc_nano.a(libc_a-nano-vfprintf_float.o)
                              (_printf_float)
C:/ST/STM32CubeIDE_1.18.0/STM32CubeIDE/plugins/com.st.stm32cube.ide.mcu.externaltools.gnu-tools-for-stm32.13.3.rel1.win32_1.0.0.202411081344/tools/bin/../lib/gcc/arm-none-eabi/13.3.1/../../../../arm-none-eabi/lib/thumb/v8-m.main+fp/hard\libc_nano.a(libc_a-nano-vfprintf_i.o)
                              C:/ST/STM32CubeIDE_1.18.0/STM32CubeIDE/plugins/com.st.stm32cube.ide.mcu.externaltools.gnu-tools-for-stm32.13.3.rel1.win32_1.0.0.202411081344/tools/bin/../lib/gcc/arm-none-eabi/13.3.1/../../../../arm-none-eabi/lib/thumb/v8-m.main+fp/hard\libc_nano.a(libc_a-nano-vfprintf_float.o) (_printf_common)
C:/ST/STM32CubeIDE_1.18.0/STM32CubeIDE/plugins/com.st.stm32cube.ide.mcu.externaltools.gnu-tools-for-stm32.13.3.rel1.win32_1.0.0.202411081344/tools/bin/../lib/gcc/arm-none-eabi/13.3.1/../../../../arm-none-eabi/lib/thumb/v8-m.main+fp/hard\libc_nano.a(libc_a-findfp.o)
                              C:/ST/STM32CubeIDE_1.18.0/STM32CubeIDE/plugins/com.st.stm32cube.ide.mcu.externaltools.gnu-tools-for-stm32.13.3.rel1.win32_1.0.0.202411081344/tools/bin/../lib/gcc/arm-none-eabi/13.3.1/../../../../arm-none-eabi/lib/thumb/v8-m.main+fp/hard\libc_nano.a(libc_a-exit.o) (__stdio_exit_handler)
C:/ST/STM32CubeIDE_1.18.0/STM32CubeIDE/plugins/com.st.stm32cube.ide.mcu.externaltools.gnu-tools-for-stm32.13.3.rel1.win32_1.0.0.202411081344/tools/bin/../lib/gcc/arm-none-eabi/13.3.1/../../../../arm-none-eabi/lib/thumb/v8-m.main+fp/hard\libc_nano.a(libc_a-fwalk.o)
                              C:/ST/STM32CubeIDE_1.18.0/STM32CubeIDE/plugins/com.st.stm32cube.ide.mcu.externaltools.gnu-tools-for-stm32.13.3.rel1.win32_1.0.0.202411081344/tools/bin/../lib/gcc/arm-none-eabi/13.3.1/../../../../arm-none-eabi/lib/thumb/v8-m.main+fp/hard\libc_nano.a(libc_a-findfp.o) (_fwalk_sglue)
C:/ST/STM32CubeIDE_1.18.0/STM32CubeIDE/plugins/com.st.stm32cube.ide.mcu.externaltools.gnu-tools-for-stm32.13.3.rel1.win32_1.0.0.202411081344/tools/bin/../lib/gcc/arm-none-eabi/13.3.1/../../../../arm-none-eabi/lib/thumb/v8-m.main+fp/hard\libc_nano.a(libc_a-stdio.o)
                              C:/ST/STM32CubeIDE_1.18.0/STM32CubeIDE/plugins/com.st.stm32cube.ide.mcu.externaltools.gnu-tools-for-stm32.13.3.rel1.win32_1.0.0.202411081344/tools/bin/../lib/gcc/arm-none-eabi/13.3.1/../../../../arm-none-eabi/lib/thumb/v8-m.main+fp/hard\libc_nano.a(libc_a-findfp.o) (__sread)
C:/ST/STM32CubeIDE_1.18.0/STM32CubeIDE/plugins/com.st.stm32cube.ide.mcu.externaltools.gnu-tools-for-stm32.13.3.rel1.win32_1.0.0.202411081344/tools/bin/../lib/gcc/arm-none-eabi/13.3.1/../../../../arm-none-eabi/lib/thumb/v8-m.main+fp/hard\libc_nano.a(libc_a-memset.o)
                              C:/ST/STM32CubeIDE_1.18.0/STM32CubeIDE/plugins/com.st.stm32cube.ide.mcu.externaltools.gnu-tools-for-stm32.13.3.rel1.win32_1.0.0.202411081344/tools/bin/../lib/gcc/arm-none-eabi/13.3.1/../../../../arm-none-eabi/lib/thumb/v8-m.main+fp/hard/crt0.o (memset)
C:/ST/STM32CubeIDE_1.18.0/STM32CubeIDE/plugins/com.st.stm32cube.ide.mcu.externaltools.gnu-tools-for-stm32.13.3.rel1.win32_1.0.0.202411081344/tools/bin/../lib/gcc/arm-none-eabi/13.3.1/../../../../arm-none-eabi/lib/thumb/v8-m.main+fp/hard\libc_nano.a(libc_a-localeconv.o)
                              C:/ST/STM32CubeIDE_1.18.0/STM32CubeIDE/plugins/com.st.stm32cube.ide.mcu.externaltools.gnu-tools-for-stm32.13.3.rel1.win32_1.0.0.202411081344/tools/bin/../lib/gcc/arm-none-eabi/13.3.1/../../../../arm-none-eabi/lib/thumb/v8-m.main+fp/hard\libc_nano.a(libc_a-nano-vfprintf_float.o) (_localeconv_r)
C:/ST/STM32CubeIDE_1.18.0/STM32CubeIDE/plugins/com.st.stm32cube.ide.mcu.externaltools.gnu-tools-for-stm32.13.3.rel1.win32_1.0.0.202411081344/tools/bin/../lib/gcc/arm-none-eabi/13.3.1/../../../../arm-none-eabi/lib/thumb/v8-m.main+fp/hard\libc_nano.a(libc_a-closer.o)
                              C:/ST/STM32CubeIDE_1.18.0/STM32CubeIDE/plugins/com.st.stm32cube.ide.mcu.externaltools.gnu-tools-for-stm32.13.3.rel1.win32_1.0.0.202411081344/tools/bin/../lib/gcc/arm-none-eabi/13.3.1/../../../../arm-none-eabi/lib/thumb/v8-m.main+fp/hard\libc_nano.a(libc_a-stdio.o) (_close_r)
[...]
Memory Configuration

Name             Origin             Length             Attributes
RAM              0x20000000         0x000c0000         xrw
SRAM4            0x28000000         0x00004000         xrw
FLASH            0x08000000         0x00200000         xr
*default*        0x00000000         0xffffffff

Linker script and memory map

LOAD C:/ST/STM32CubeIDE_1.18.0/STM32CubeIDE/plugins/com.st.stm32cube.ide.mcu.externaltools.gnu-tools-for-stm32.13.3.rel1.win32_1.0.0.202411081344/tools/bin/../lib/gcc/arm-none-eabi/13.3.1/thumb/v8-m.main+fp/hard/crti.o
LOAD C:/ST/STM32CubeIDE_1.18.0/STM32CubeIDE/plugins/com.st.stm32cube.ide.mcu.externaltools.gnu-tools-for-stm32.13.3.rel1.win32_1.0.0.202411081344/tools/bin/../lib/gcc/arm-none-eabi/13.3.1/thumb/v8-m.main+fp/hard/crtbegin.o
LOAD C:/ST/STM32CubeIDE_1.18.0/STM32CubeIDE/plugins/com.st.stm32cube.ide.mcu.externaltools.gnu-tools-for-stm32.13.3.rel1.win32_1.0.0.202411081344/tools/bin/../lib/gcc/arm-none-eabi/13.3.1/../../../../arm-none-eabi/lib/thumb/v8-m.main+fp/hard/crt0.o
LOAD ./Core/Src/Memory_operations.o
LOAD ./Core/Src/SPI_NAND.o
LOAD ./Core/Src/bluetooth.o
LOAD ./Core/Src/imu_driver.o
LOAD ./Core/Src/led_driver.o
LOAD ./Core/Src/main.o
LOAD ./Core/Src/stm32u5xx_hal_msp.o
LOAD ./Core/Src/stm32u5xx_it.o
LOAD ./Core/Src/syscalls.o
LOAD ./Core/Src/sysmem.o
LOAD ./Core/Src/system_stm32u5xx.o
LOAD ./Core/Startup/startup_stm32u575ritxq.o
LOAD ./Drivers/STM32U5xx_HAL_Driver/Src/stm32u5xx_hal.o
LOAD ./Drivers/STM32U5xx_HAL_Driver/Src/stm32u5xx_hal_cortex.o
LOAD ./Drivers/STM32U5xx_HAL_Driver/Src/stm32u5xx_hal_dma.o
LOAD ./Drivers/STM32U5xx_HAL_Driver/Src/stm32u5xx_hal_dma_ex.o
LOAD ./Drivers/STM32U5xx_HAL_Driver/Src/stm32u5xx_hal_exti.o
LOAD ./Drivers/STM32U5xx_HAL_Driver/Src/stm32u5xx_hal_flash.o
LOAD ./Drivers/STM32U5xx_HAL_Driver/Src/stm32u5xx_hal_flash_ex.o
LOAD ./Drivers/STM32U5xx_HAL_Driver/Src/stm32u5xx_hal_gpio.o
LOAD ./Drivers/STM32U5xx_HAL_Driver/Src/stm32u5xx_hal_gtzc.o
LOAD ./Drivers/STM32U5xx_HAL_Driver/Src/stm32u5xx_hal_i2c.o
LOAD ./Drivers/STM32U5xx_HAL_Driver/Src/stm32u5xx_hal_i2c_ex.o
LOAD ./Drivers/STM32U5xx_HAL_Driver/Src/stm32u5xx_hal_icache.o
LOAD ./Drivers/STM32U5xx_HAL_Driver/Src/stm32u5xx_hal_mdf.o
LOAD ./Drivers/STM32U5xx_HAL_Driver/Src/stm32u5xx_hal_pcd.o
LOAD ./Drivers/STM32U5xx_HAL_Driver/Src/stm32u5xx_hal_pcd_ex.o
LOAD ./Drivers/STM32U5xx_HAL_Driver/Src/stm32u5xx_hal_pwr.o
LOAD ./Drivers/STM32U5xx_HAL_Driver/Src/stm32u5xx_hal_pwr_ex.o
LOAD ./Drivers/STM32U5xx_HAL_Driver/Src/stm32u5xx_hal_rcc.o
LOAD ./Drivers/STM32U5xx_HAL_Driver/Src/stm32u5xx_hal_rcc_ex.o
LOAD ./Drivers/STM32U5xx_HAL_Driver/Src/stm32u5xx_hal_spi.o
LOAD ./Drivers/STM32U5xx_HAL_Driver/Src/stm32u5xx_hal_spi_ex.o
LOAD ./Drivers/STM32U5xx_HAL_Driver/Src/stm32u5xx_hal_tim.o
LOAD ./Drivers/STM32U5xx_HAL_Driver/Src/stm32u5xx_hal_tim_ex.o
LOAD ./Drivers/STM32U5xx_HAL_Driver/Src/stm32u5xx_hal_uart.o
LOAD ./Drivers/STM32U5xx_HAL_Driver/Src/stm32u5xx_hal_uart_ex.o
LOAD ./Drivers/STM32U5xx_HAL_Driver/Src/stm32u5xx_ll_usb.o
LOAD ./USB_Device/App/usb_device.o
LOAD ./USB_Device/App/usbd_cdc_if.o
LOAD ./USB_Device/App/usbd_desc.o
LOAD ./USB_Device/Target/usbd_conf.o
LOAD ./USB_Middlewares/ST/STM32_USB_Device_Library/Class/CDC/Src/usbd_cdc.o
LOAD ./USB_Middlewares/ST/STM32_USB_Device_Library/Core/Src/usbd_core.o
LOAD ./USB_Middlewares/ST/STM32_USB_Device_Library/Core/Src/usbd_ctlreq.o
LOAD ./USB_Middlewares/ST/STM32_USB_Device_Library/Core/Src/usbd_ioreq.o
START GROUP
LOAD C:/ST/STM32CubeIDE_1.18.0/STM32CubeIDE/plugins/com.st.stm32cube.ide.mcu.externaltools.gnu-tools-for-stm32.13.3.rel1.win32_1.0.0.202411081344/tools/bin/../lib/gcc/arm-none-eabi/13.3.1/../../../../arm-none-eabi/lib/thumb/v8-m.main+fp/hard\libc_nano.a
LOAD C:/ST/STM32CubeIDE_1.18.0/STM32CubeIDE/plugins/com.st.stm32cube.ide.mcu.externaltools.gnu-tools-for-stm32.13.3.rel1.win32_1.0.0.202411081344/tools/bin/../lib/gcc/arm-none-eabi/13.3.1/../../../../arm-none-eabi/lib/thumb/v8-m.main+fp/hard\libm.a
END GROUP
START GROUP
LOAD C:/ST/STM32CubeIDE_1.18.0/STM32CubeIDE/plugins/com.st.stm32cube.ide.mcu.externaltools.gnu-tools-for-stm32.13.3.rel1.win32_1.0.0.202411081344/tools/bin/../lib/gcc/arm-none-eabi/13.3.1/thumb/v8-m.main+fp/hard\libgcc.a
LOAD C:/ST/STM32CubeIDE_1.18.0/STM32CubeIDE/plugins/com.st.stm32cube.ide.mcu.externaltools.gnu-tools-for-stm32.13.3.rel1.win32_1.0.0.202411081344/tools/bin/../lib/gcc/arm-none-eabi/13.3.1/../../../../arm-none-eabi/lib/thumb/v8-m.main+fp/hard\libc_nano.a
END GROUP
START GROUP
LOAD C:/ST/STM32CubeIDE_1.18.0/STM32CubeIDE/plugins/com.st.stm32cube.ide.mcu.externaltools.gnu-tools-for-stm32.13.3.rel1.win32_1.0.0.202411081344/tools/bin/../lib/gcc/arm-none-eabi/13.3.1/thumb/v8-m.main+fp/hard\libgcc.a
LOAD C:/ST/STM32CubeIDE_1.18.0/STM32CubeIDE/plugins/com.st.stm32cube.ide.mcu.externaltools.gnu-tools-for-stm32.13.3.rel1.win32_1.0.0.202411081344/tools/bin/../lib/gcc/arm-none-eabi/13.3.1/../../../../arm-none-eabi/lib/thumb/v8-m.main+fp/hard\libc_nano.a
LOAD C:/ST/STM32CubeIDE_1.18.0/STM32CubeIDE/plugins/com.st.stm32cube.ide.mcu.externaltools.gnu-tools-for-stm32.13.3.rel1.win32_1.0.0.202411081344/tools/bin/../lib/gcc/arm-none-eabi/13.3.1/../../../../arm-none-eabi/lib/thumb/v8-m.main+fp/hard\libnosys.a
END GROUP
START GROUP
LOAD C:/ST/STM32CubeIDE_1.18.0/STM32CubeIDE/plugins/com.st.stm32cube.ide.mcu.externaltools.gnu-tools-for-stm32.13.3.rel1.win32_1.0.0.202411081344/tools/bin/../lib/gcc/arm-none-eabi/13.3.1/thumb/v8-m.main+fp/hard\libgcc.a
LOAD C:/ST/STM32CubeIDE_1.18.0/STM32CubeIDE/plugins/com.st.stm32cube.ide.mcu.externaltools.gnu-tools-for-stm32.13.3.rel1.win32_1.0.0.202411081344/tools/bin/../lib/gcc/arm-none-eabi/13.3.1/../../../../arm-none-eabi/lib/thumb/v8-m.main+fp/hard\libc_nano.a
LOAD C:/ST/STM32CubeIDE_1.18.0/STM32CubeIDE/plugins/com.st.stm32cube.ide.mcu.externaltools.gnu-tools-for-stm32.13.3.rel1.win32_1.0.0.202411081344/tools/bin/../lib/gcc/arm-none-eabi/13.3.1/../../../../arm-none-eabi/lib/thumb/v8-m.main+fp/hard\libnosys.a
END GROUP
LOAD C:/ST/STM32CubeIDE_1.18.0/STM32CubeIDE/plugins/com.st.stm32cube.ide.mcu.externaltools.gnu-tools-for-stm32.13.3.rel1.win32_1.0.0.202411081344/tools/bin/../lib/gcc/arm-none-eabi/13.3.1/thumb/v8-m.main+fp/hard/crtend.o
LOAD C:/ST/STM32CubeIDE_1.18.0/STM32CubeIDE/plugins/com.st.stm32cube.ide.mcu.externaltools.gnu-tools-for-stm32.13.3.rel1.win32_1.0.0.202411081344/tools/bin/../lib/gcc/arm-none-eabi/13.3.1/thumb/v8-m.main+fp/hard/crtn.o
                0x200c0000                        _estack = (ORIGIN (RAM) + LENGTH (RAM))
                0x00000400                        _Min_Heap_Size = 0x400
                0x00000800                        _Min_Stack_Size = 0x800

.isr_vector     0x08000000      0x238
 *(.isr_vector)
 .isr_vector    0x08000000      0x238 ./Core/Startup/startup_stm32u575ritxq.o
                0x08000000                g_pfnVectors

.text           0x08000238    0x13dac
 *(.text)
 .text          0x08000238       0x40 C:/ST/STM32CubeIDE_1.18.0/STM32CubeIDE/plugins/com.st.stm32cube.ide.mcu.externaltools.gnu-tools-for-stm32.13.3.rel1.win32_1.0.0.202411081344/tools/bin/../lib/gcc/arm-none-eabi/13.3.1/thumb/v8-m.main+fp/hard/crtbegin.o
 .text          0x08000278       0x10 C:/ST/STM32CubeIDE_1.18.0/STM32CubeIDE/plugins/com.st.stm32cube.ide.mcu.externaltools.gnu-tools-for-stm32.13.3.rel1.win32_1.0.0.202411081344/tools/bin/../lib/gcc/arm-none-eabi/13.3.1/../../../../arm-none-eabi/lib/thumb/v8-m.main+fp/hard\libc_nano.a(libc_a-strlen.o)
                0x08000278                strlen
 .text          0x08000288      0x378 C:/ST/STM32CubeIDE_1.18.0/STM32CubeIDE/plugins/com.st.stm32cube.ide.mcu.externaltools.gnu-tools-for-stm32.13.3.rel1.win32_1.0.0.202411081344/tools/bin/../lib/gcc/arm-none-eabi/13.3.1/thumb/v8-m.main+fp/hard\libgcc.a(_arm_addsubdf3.o)
                0x08000288                __aeabi_drsub
                0x08000290                __aeabi_dsub
                0x08000290                __subdf3
                0x08000294                __aeabi_dadd
                0x08000294                __adddf3
                0x0800050c                __floatunsidf
                0x0800050c                __aeabi_ui2d
                0x0800052c                __floatsidf
                0x0800052c                __aeabi_i2d
                0x08000550                __aeabi_f2d
                0x08000550                __extendsfdf2
                0x08000594                __floatundidf
                0x08000594                __aeabi_ul2d
                0x080005a4                __floatdidf
                0x080005a4                __aeabi_l2d
 .text          0x08000600      0x424 C:/ST/STM32CubeIDE_1.18.0/STM32CubeIDE/plugins/com.st.stm32cube.ide.mcu.externaltools.gnu-tools-for-stm32.13.3.rel1.win32_1.0.0.202411081344/tools/bin/../lib/gcc/arm-none-eabi/13.3.1/thumb/v8-m.main+fp/hard\libgcc.a(_arm_muldivdf3.o)
                0x08000600                __aeabi_dmul
                0x08000600                __muldf3
                0x08000854                __divdf3
                0x08000854                __aeabi_ddiv
 .text          0x08000a24      0x110 C:/ST/STM32CubeIDE_1.18.0/STM32CubeIDE/plugins/com.st.stm32cube.ide.mcu.externaltools.gnu-tools-for-stm32.13.3.rel1.win32_1.0.0.202411081344/tools/bin/../lib/gcc/arm-none-eabi/13.3.1/thumb/v8-m.main+fp/hard\libgcc.a(_arm_cmpdf2.o)
                0x08000a24                __gtdf2
                0x08000a24                __gedf2
                0x08000a2c                __ltdf2
                0x08000a2c                __ledf2
                0x08000a34                __nedf2
                0x08000a34                __eqdf2
                0x08000a34                __cmpdf2
                0x08000ab0                __aeabi_cdrcmple
                0x08000ac0                __aeabi_cdcmpeq
                0x08000ac0                __aeabi_cdcmple
                0x08000ad0                __aeabi_dcmpeq
                0x08000ae4                __aeabi_dcmplt
                0x08000af8                __aeabi_dcmple
                0x08000b0c                __aeabi_dcmpge
                0x08000b20                __aeabi_dcmpgt
 .text          0x08000b34       0x2c C:/ST/STM32CubeIDE_1.18.0/STM32CubeIDE/plugins/com.st.stm32cube.ide.mcu.externaltools.gnu-tools-for-stm32.13.3.rel1.win32_1.0.0.202411081344/tools/bin/../lib/gcc/arm-none-eabi/13.3.1/thumb/v8-m.main+fp/hard\libgcc.a(_arm_unorddf2.o)
                0x08000b34                __unorddf2
                0x08000b34                __aeabi_dcmpun
 .text          0x08000b60       0x50 C:/ST/STM32CubeIDE_1.18.0/STM32CubeIDE/plugins/com.st.stm32cube.ide.mcu.externaltools.gnu-tools-for-stm32.13.3.rel1.win32_1.0.0.202411081344/tools/bin/../lib/gcc/arm-none-eabi/13.3.1/thumb/v8-m.main+fp/hard\libgcc.a(_arm_fixdfsi.o)
                0x08000b60                __aeabi_d2iz
                0x08000b60                __fixdfsi
 .text          0x08000bb0       0x30 C:/ST/STM32CubeIDE_1.18.0/STM32CubeIDE/plugins/com.st.stm32cube.ide.mcu.externaltools.gnu-tools-for-stm32.13.3.rel1.win32_1.0.0.202411081344/tools/bin/../lib/gcc/arm-none-eabi/13.3.1/thumb/v8-m.main+fp/hard\libgcc.a(_aeabi_uldivmod.o)
                0x08000bb0                __aeabi_uldivmod
 .text          0x08000be0      0x348 C:/ST/STM32CubeIDE_1.18.0/STM32CubeIDE/plugins/com.st.stm32cube.ide.mcu.externaltools.gnu-tools-for-stm32.13.3.rel1.win32_1.0.0.202411081344/tools/bin/../lib/gcc/arm-none-eabi/13.3.1/thumb/v8-m.main+fp/hard\libgcc.a(_udivmoddi4.o)
                0x08000be0                __udivmoddi4
 .text          0x08000f28        0x4 C:/ST/STM32CubeIDE_1.18.0/STM32CubeIDE/plugins/com.st.stm32cube.ide.mcu.externaltools.gnu-tools-for-stm32.13.3.rel1.win32_1.0.0.202411081344/tools/bin/../lib/gcc/arm-none-eabi/13.3.1/thumb/v8-m.main+fp/hard\libgcc.a(_dvmd_tls.o)
                0x08000f28                __aeabi_idiv0
                0x08000f28                __aeabi_ldiv0
 *(.text*)
 .text.find_bad_blocks
                0x08000f2c       0x82 ./Core/Src/Memory_operations.o
                0x08000f2c                find_bad_blocks
 .text.erase_good_blocks
                0x08000fae       0x8a ./Core/Src/Memory_operations.o
                0x08000fae                erase_good_blocks
 .text.write_packet
                0x08001038      0x19c ./Core/Src/Memory_operations.o
                0x08001038                write_packet
 .text.spi_nand_init
                0x080011d4       0x74 ./Core/Src/SPI_NAND.o
                0x080011d4                spi_nand_init
 .text.reset    0x08001248       0x36 ./Core/Src/SPI_NAND.o
                0x08001248                reset
 .text.block_erase
                0x0800127e       0x6e ./Core/Src/SPI_NAND.o
                0x0800127e                block_erase
 .text.read_id  0x080012ec       0x54 ./Core/Src/SPI_NAND.o
                0x080012ec                read_id
 .text.unlock_all_blocks
                0x08001340       0x20 ./Core/Src/SPI_NAND.o
                0x08001340                unlock_all_blocks
 .text.enable_ecc
                0x08001360       0x28 ./Core/Src/SPI_NAND.o
                0x08001360                enable_ecc
 .text.spi_nand_block_is_bad
                0x08001388       0x5e ./Core/Src/SPI_NAND.o
                0x08001388                spi_nand_block_is_bad
 .text.spi_nand_block_erase
                0x080013e6       0x4c ./Core/Src/SPI_NAND.o
                0x080013e6                spi_nand_block_erase
 .text.spi_nand_page_read
                0x08001432       0x70 ./Core/Src/SPI_NAND.o
                0x08001432                spi_nand_page_read
 *fill*         0x080014a2        0x2 
 .text.spi_write_read
                0x080014a4       0x30 ./Core/Src/SPI_NAND.o
                0x080014a4                spi_write_read
 .text.spi_nand_page_program
                0x080014d4       0x84 ./Core/Src/SPI_NAND.o
                0x080014d4                spi_nand_page_program
 .text.page_read
                0x08001558       0x6c ./Core/Src/SPI_NAND.o
                0x08001558                page_read
 .text.read_from_cache
                0x080015c4       0x86 ./Core/Src/SPI_NAND.o
                0x080015c4                read_from_cache
 .text.write_enable
                0x0800164a       0x3a ./Core/Src/SPI_NAND.o
                0x0800164a                write_enable
 .text.program_load
                0x08001684       0x80 ./Core/Src/SPI_NAND.o
                0x08001684                program_load
 .text.program_execute
                0x08001704       0x78 ./Core/Src/SPI_NAND.o
                0x08001704                program_execute
 .text.set_feature
                0x0800177c       0x58 ./Core/Src/SPI_NAND.o
                0x0800177c                set_feature
 .text.get_feature
                0x080017d4       0x68 ./Core/Src/SPI_NAND.o
                0x080017d4                get_feature
 .text.poll_for_oip_clear
                0x0800183c       0x9a ./Core/Src/SPI_NAND.o
                0x0800183c                poll_for_oip_clear
 *fill*         0x080018d6        0x2 
 .text.get_ret_from_ecc_status
                0x080018d8       0x64 ./Core/Src/SPI_NAND.o
                0x080018d8                get_ret_from_ecc_status
 .text.cs_select
                0x0800193c       0x18 ./Core/Src/SPI_NAND.o
                0x0800193c                cs_select
 .text.cs_deselect
                0x08001954       0x18 ./Core/Src/SPI_NAND.o
                0x08001954                cs_deselect
 .text.validate_row_address
                0x0800196c       0x16 ./Core/Src/SPI_NAND.o
                0x0800196c                validate_row_address
 .text.validate_column_address
                0x08001982       0x24 ./Core/Src/SPI_NAND.o
                0x08001982                validate_column_address
 *fill*         0x080019a6        0x2 
 .text.spi_read
                0x080019a8       0x28 ./Core/Src/SPI_NAND.o
                0x080019a8                spi_read
 .text.spi_write
                0x080019d0       0x2c ./Core/Src/SPI_NAND.o
                0x080019d0                spi_write
 .text.write_memory
                0x080019fc       0xd8 ./Core/Src/SPI_NAND.o
                0x080019fc                write_memory
 .text.read_memory_and_transmit
                0x08001ad4       0xcc ./Core/Src/SPI_NAND.o
                0x08001ad4                read_memory_and_transmit
 .text.erase_memory
                0x08001ba0       0x14 ./Core/Src/SPI_NAND.o
                0x08001ba0                erase_memory
 .text.BLE_HardReset
                0x08001bb4       0x2c ./Core/Src/bluetooth.o
                0x08001bb4                BLE_HardReset
 .text.BLE_Initialize
                0x08001be0       0xf8 ./Core/Src/bluetooth.o
                0x08001be0                BLE_Initialize
 .text.BLE_SendData
                0x08001cd8       0x28 ./Core/Src/bluetooth.o
                0x08001cd8                BLE_SendData
 .text.BLE_SendPacket
                0x08001d00       0x88 ./Core/Src/bluetooth.o
                0x08001d00                BLE_SendPacket
 .text.enter_command_mode
                0x08001d88       0x44 ./Core/Src/bluetooth.o
 .text.exit_command_mode
                0x08001dcc       0x2c ./Core/Src/bluetooth.o
 .text.IMU_Init
                0x08001df8       0x30 ./Core/Src/imu_driver.o
                0x08001df8                IMU_Init
 .text.IMU_ConfigAccelerometer
                0x08001e28       0x6c ./Core/Src/imu_driver.o
                0x08001e28                IMU_ConfigAccelerometer
 .text.IMU_ConfigGyroscope
                0x08001e94       0x6c ./Core/Src/imu_driver.o
                0x08001e94                IMU_ConfigGyroscope
 .text.IMU_ReadAccelerometerData
                0x08001f00       0xc4 ./Core/Src/imu_driver.o
                0x08001f00                IMU_ReadAccelerometerData
 .text.IMU_ReadGyroscopeData
                0x08001fc4       0xc4 ./Core/Src/imu_driver.o
                0x08001fc4                IMU_ReadGyroscopeData
 .text.imu_read_register
                0x08002088       0x54 ./Core/Src/imu_driver.o
 .text.imu_write_register
                0x080020dc       0x44 ./Core/Src/imu_driver.o
 .text.get_accel_sensitivity
                0x08002120       0x80 ./Core/Src/imu_driver.o
 .text.get_gyro_sensitivity
                0x080021a0       0x80 ./Core/Src/imu_driver.o
 .text.LED_On   0x08002220       0x3c ./Core/Src/led_driver.o
                0x08002220                LED_On
 .text.LED_Off  0x0800225c       0x3c ./Core/Src/led_driver.o
                0x0800225c                LED_Off
 .text.LED_Toggle
                0x08002298       0x38 ./Core/Src/led_driver.o
                0x08002298                LED_Toggle
 .text.main     0x080022d0      0x128 ./Core/Src/main.o
                0x080022d0                main
 .text.SystemClock_Config
                0x080023f8       0xb2 ./Core/Src/main.o
                0x080023f8                SystemClock_Config
 *fill*         0x080024aa        0x2 
 .text.MX_I2C3_Init
                0x080024ac       0x80 ./Core/Src/main.o
 .text.MX_ICACHE_Init
                0x0800252c        0xe ./Core/Src/main.o
 *fill*         0x0800253a        0x2 
 .text.MX_MDF1_Init
                0x0800253c       0xe8 ./Core/Src/main.o
 .text.MX_SPI2_Init
                0x08002624       0xe0 ./Core/Src/main.o
 .text.MX_TIM2_Init
                0x08002704       0x9c ./Core/Src/main.o
 .text.MX_USART3_UART_Init
                0x080027a0       0x98 ./Core/Src/main.o
 .text.MX_USB_OTG_FS_PCD_Init
                0x08002838       0x64 ./Core/Src/main.o
 .text.MX_GPIO_Init
                0x0800289c      0x1e8 ./Core/Src/main.o
 .text.HAL_TIM_PeriodElapsedCallback
                0x08002a84       0xf0 ./Core/Src/main.o
                0x08002a84                HAL_TIM_PeriodElapsedCallback
 .text.HAL_GPIO_EXTI_Rising_Callback
                0x08002b74       0x78 ./Core/Src/main.o
                0x08002b74                HAL_GPIO_EXTI_Rising_Callback
 .text.HAL_GPIO_EXTI_Falling_Callback
                0x08002bec       0x16 ./Core/Src/main.o
                0x08002bec                HAL_GPIO_EXTI_Falling_Callback
 .text.Error_Handler
                0x08002c02        0xc ./Core/Src/main.o
                0x08002c02                Error_Handler
 *fill*         0x08002c0e        0x2 
 .text.HAL_MspInit
                0x08002c10       0x34 ./Core/Src/stm32u5xx_hal_msp.o
                0x08002c10                HAL_MspInit
 .text.HAL_I2C_MspInit
                0x08002c44       0xd0 ./Core/Src/stm32u5xx_hal_msp.o
                0x08002c44                HAL_I2C_MspInit
 .text.HAL_MDF_MspInit
                0x08002d14      0x1d8 ./Core/Src/stm32u5xx_hal_msp.o
                0x08002d14                HAL_MDF_MspInit
 .text.HAL_SPI_MspInit
                0x08002eec      0x120 ./Core/Src/stm32u5xx_hal_msp.o
                0x08002eec                HAL_SPI_MspInit
 .text.HAL_TIM_Base_MspInit
                0x0800300c       0x4c ./Core/Src/stm32u5xx_hal_msp.o
                0x0800300c                HAL_TIM_Base_MspInit
 .text.HAL_UART_MspInit
                0x08003058       0xe0 ./Core/Src/stm32u5xx_hal_msp.o
                0x08003058                HAL_UART_MspInit
 .text.HAL_PCD_MspInit
                0x08003138      0x14c ./Core/Src/stm32u5xx_hal_msp.o
                0x08003138                HAL_PCD_MspInit
 .text.NMI_Handler
                0x08003284        0x8 ./Core/Src/stm32u5xx_it.o
                0x08003284                NMI_Handler
 .text.HardFault_Handler
                0x0800328c        0x8 ./Core/Src/stm32u5xx_it.o
                0x0800328c                HardFault_Handler
 .text.MemManage_Handler
                0x08003294        0x8 ./Core/Src/stm32u5xx_it.o
                0x08003294                MemManage_Handler
 .text.BusFault_Handler
                0x0800329c        0x8 ./Core/Src/stm32u5xx_it.o
                0x0800329c                BusFault_Handler
 .text.UsageFault_Handler
                0x080032a4        0x8 ./Core/Src/stm32u5xx_it.o
                0x080032a4                UsageFault_Handler
 .text.SVC_Handler
                0x080032ac        0xe ./Core/Src/stm32u5xx_it.o
                0x080032ac                SVC_Handler
 .text.DebugMon_Handler
                0x080032ba        0xe ./Core/Src/stm32u5xx_it.o
                0x080032ba                DebugMon_Handler
 .text.PendSV_Handler
                0x080032c8        0xe ./Core/Src/stm32u5xx_it.o
                0x080032c8                PendSV_Handler
 .text.SysTick_Handler
                0x080032d6        0xc ./Core/Src/stm32u5xx_it.o
                0x080032d6                SysTick_Handler
 .text.EXTI0_IRQHandler
                0x080032e2        0xe ./Core/Src/stm32u5xx_it.o
                0x080032e2                EXTI0_IRQHandler
 .text.EXTI4_IRQHandler
                0x080032f0        0xe ./Core/Src/stm32u5xx_it.o
                0x080032f0                EXTI4_IRQHandler
 .text.EXTI5_IRQHandler
                0x080032fe        0xe ./Core/Src/stm32u5xx_it.o
                0x080032fe                EXTI5_IRQHandler
 .text.EXTI10_IRQHandler
                0x0800330c       0x10 ./Core/Src/stm32u5xx_it.o
                0x0800330c                EXTI10_IRQHandler
 .text.EXTI13_IRQHandler
                0x0800331c       0x10 ./Core/Src/stm32u5xx_it.o
                0x0800331c                EXTI13_IRQHandler
 .text.TIM2_IRQHandler
                0x0800332c       0x14 ./Core/Src/stm32u5xx_it.o
                0x0800332c                TIM2_IRQHandler
 .text.USART3_IRQHandler
                0x08003340       0x14 ./Core/Src/stm32u5xx_it.o
                0x08003340                USART3_IRQHandler
 .text.OTG_FS_IRQHandler
                0x08003354       0x14 ./Core/Src/stm32u5xx_it.o
                0x08003354                OTG_FS_IRQHandler
 .text.MDF1_FLT0_IRQHandler
                0x08003368       0x14 ./Core/Src/stm32u5xx_it.o
                0x08003368                MDF1_FLT0_IRQHandler
 .text._getpid  0x0800337c       0x10 ./Core/Src/syscalls.o
                0x0800337c                _getpid
 .text._kill    0x0800338c       0x20 ./Core/Src/syscalls.o
                0x0800338c                _kill
 .text._exit    0x080033ac       0x16 ./Core/Src/syscalls.o
                0x080033ac                _exit
 .text._read    0x080033c2       0x3a ./Core/Src/syscalls.o
                0x080033c2                _read
 .text._write   0x080033fc       0x38 ./Core/Src/syscalls.o
                0x080033fc                _write
 .text._close   0x08003434       0x18 ./Core/Src/syscalls.o
                0x08003434                _close
 .text._fstat   0x0800344c       0x20 ./Core/Src/syscalls.o
                0x0800344c                _fstat
 .text._isatty  0x0800346c       0x16 ./Core/Src/syscalls.o
                0x0800346c                _isatty
 .text._lseek   0x08003482       0x1a ./Core/Src/syscalls.o
                0x08003482                _lseek
 .text._sbrk    0x0800349c       0x6c ./Core/Src/sysmem.o
                0x0800349c                _sbrk
 .text.SystemInit
                0x08003508       0x70 ./Core/Src/system_stm32u5xx.o
                0x08003508                SystemInit
 .text.Reset_Handler
                0x08003578       0x50 ./Core/Startup/startup_stm32u575ritxq.o
                0x08003578                Reset_Handler
 .text.Default_Handler
                0x080035c8        0x2 ./Core/Startup/startup_stm32u575ritxq.o
                0x080035c8                EXTI2_IRQHandler
                0x080035c8                TIM8_TRG_COM_IRQHandler
                0x080035c8                TIM8_CC_IRQHandler
                0x080035c8                FLASH_S_IRQHandler
                0x080035c8                TIM1_CC_IRQHandler
                0x080035c8                TSC_IRQHandler
                0x080035c8                TAMP_IRQHandler
                0x080035c8                TIM6_IRQHandler
                0x080035c8                EXTI12_IRQHandler
                0x080035c8                CORDIC_IRQHandler
                0x080035c8                EXTI3_IRQHandler
                0x080035c8                LPTIM4_IRQHandler
                0x080035c8                GPDMA1_Channel5_IRQHandler
                0x080035c8                EXTI8_IRQHandler
                0x080035c8                LPTIM2_IRQHandler
                0x080035c8                I2C3_ER_IRQHandler
                0x080035c8                PWR_S3WU_IRQHandler
                0x080035c8                MDF1_FLT2_IRQHandler
                0x080035c8                LPDMA1_Channel3_IRQHandler
                0x080035c8                LPTIM3_IRQHandler
                0x080035c8                I2C2_EV_IRQHandler
                0x080035c8                FPU_IRQHandler
                0x080035c8                GPDMA1_Channel3_IRQHandler
                0x080035c8                GPDMA1_Channel7_IRQHandler
                0x080035c8                MDF1_FLT4_IRQHandler
                0x080035c8                FDCAN1_IT1_IRQHandler
                0x080035c8                RAMCFG_IRQHandler
                0x080035c8                GPDMA1_Channel9_IRQHandler
                0x080035c8                DCACHE1_IRQHandler
                0x080035c8                SPI1_IRQHandler
                0x080035c8                OCTOSPI1_IRQHandler
                0x080035c8                GPDMA1_Channel2_IRQHandler
                0x080035c8                TIM8_UP_IRQHandler
                0x080035c8                RCC_S_IRQHandler
                0x080035c8                OCTOSPI2_IRQHandler
                0x080035c8                SAI2_IRQHandler
                0x080035c8                MDF1_FLT1_IRQHandler
                0x080035c8                ADC1_IRQHandler
                0x080035c8                MDF1_FLT5_IRQHandler
                0x080035c8                EXTI15_IRQHandler
                0x080035c8                TIM17_IRQHandler
                0x080035c8                RTC_IRQHandler
                0x080035c8                EXTI9_IRQHandler
                0x080035c8                UART5_IRQHandler
                0x080035c8                TIM4_IRQHandler
                0x080035c8                I2C1_EV_IRQHandler
                0x080035c8                GPDMA1_Channel12_IRQHandler
                0x080035c8                GPDMA1_Channel1_IRQHandler
                0x080035c8                TIM16_IRQHandler
                0x080035c8                GPDMA1_Channel15_IRQHandler
                0x080035c8                UART4_IRQHandler
                0x080035c8                SecureFault_Handler
                0x080035c8                TIM3_IRQHandler
                0x080035c8                RCC_IRQHandler
                0x080035c8                TIM1_TRG_COM_IRQHandler
                0x080035c8                Default_Handler
                0x080035c8                GPDMA1_Channel8_IRQHandler
                0x080035c8                FMAC_IRQHandler
                0x080035c8                GPDMA1_Channel11_IRQHandler
                0x080035c8                TIM7_IRQHandler
                0x080035c8                SDMMC1_IRQHandler
                0x080035c8                TIM5_IRQHandler
                0x080035c8                UCPD1_IRQHandler
                0x080035c8                GPDMA1_Channel0_IRQHandler
                0x080035c8                TIM15_IRQHandler
                0x080035c8                I2C3_EV_IRQHandler
                0x080035c8                LPDMA1_Channel0_IRQHandler
                0x080035c8                PVD_PVM_IRQHandler
                0x080035c8                SPI2_IRQHandler
                0x080035c8                LPDMA1_Channel1_IRQHandler
                0x080035c8                EXTI14_IRQHandler
                0x080035c8                EXTI11_IRQHandler
                0x080035c8                CRS_IRQHandler
                0x080035c8                GPDMA1_Channel14_IRQHandler
                0x080035c8                LSECSSD_IRQHandler
                0x080035c8                RTC_S_IRQHandler
                0x080035c8                GPDMA1_Channel13_IRQHandler
                0x080035c8                RNG_IRQHandler
                0x080035c8                COMP_IRQHandler
                0x080035c8                TIM1_UP_IRQHandler
                0x080035c8                ADC4_IRQHandler
                0x080035c8                WWDG_IRQHandler
                0x080035c8                I2C4_EV_IRQHandler
                0x080035c8                ADF1_IRQHandler
                0x080035c8                IWDG_IRQHandler
                0x080035c8                LPUART1_IRQHandler
                0x080035c8                FDCAN1_IT0_IRQHandler
                0x080035c8                GPDMA1_Channel4_IRQHandler
                0x080035c8                EXTI7_IRQHandler
                0x080035c8                DMA2D_IRQHandler
                0x080035c8                TIM1_BRK_IRQHandler
                0x080035c8                EXTI1_IRQHandler
                0x080035c8                SDMMC2_IRQHandler
                0x080035c8                DAC1_IRQHandler
                0x080035c8                GTZC_IRQHandler
                0x080035c8                MDF1_FLT3_IRQHandler
                0x080035c8                USART2_IRQHandler
                0x080035c8                GPDMA1_Channel6_IRQHandler
                0x080035c8                I2C2_ER_IRQHandler
                0x080035c8                TIM8_BRK_IRQHandler
                0x080035c8                FLASH_IRQHandler
                0x080035c8                USART1_IRQHandler
                0x080035c8                SPI3_IRQHandler
                0x080035c8                LPDMA1_Channel2_IRQHandler
                0x080035c8                I2C1_ER_IRQHandler
                0x080035c8                FMC_IRQHandler
                0x080035c8                EXTI6_IRQHandler
                0x080035c8                LPTIM1_IRQHandler
                0x080035c8                DCMI_PSSI_IRQHandler
                0x080035c8                I2C4_ER_IRQHandler
                0x080035c8                GPDMA1_Channel10_IRQHandler
                0x080035c8                ICACHE_IRQHandler
                0x080035c8                SAI1_IRQHandler
                0x080035c8                HASH_IRQHandler
 *fill*         0x080035ca        0x2 
 .text.HAL_Init
                0x080035cc       0x60 ./Drivers/STM32U5xx_HAL_Driver/Src/stm32u5xx_hal.o
                0x080035cc                HAL_Init
 .text.HAL_InitTick
                0x0800362c       0xec ./Drivers/STM32U5xx_HAL_Driver/Src/stm32u5xx_hal.o
                0x0800362c                HAL_InitTick
 .text.HAL_IncTick
                0x08003718       0x28 ./Drivers/STM32U5xx_HAL_Driver/Src/stm32u5xx_hal.o
                0x08003718                HAL_IncTick
 .text.HAL_GetTick
                0x08003740       0x18 ./Drivers/STM32U5xx_HAL_Driver/Src/stm32u5xx_hal.o
                0x08003740                HAL_GetTick
 .text.HAL_Delay
                0x08003758       0x48 ./Drivers/STM32U5xx_HAL_Driver/Src/stm32u5xx_hal.o
                0x08003758                HAL_Delay
 .text.__NVIC_SetPriorityGrouping
                0x080037a0       0x48 ./Drivers/STM32U5xx_HAL_Driver/Src/stm32u5xx_hal_cortex.o
 .text.__NVIC_GetPriorityGrouping
                0x080037e8       0x1c ./Drivers/STM32U5xx_HAL_Driver/Src/stm32u5xx_hal_cortex.o
 .text.__NVIC_EnableIRQ
                0x08003804       0x3c ./Drivers/STM32U5xx_HAL_Driver/Src/stm32u5xx_hal_cortex.o
 .text.__NVIC_SetPriority
                0x08003840       0x54 ./Drivers/STM32U5xx_HAL_Driver/Src/stm32u5xx_hal_cortex.o
 .text.NVIC_EncodePriority
                0x08003894       0x66 ./Drivers/STM32U5xx_HAL_Driver/Src/stm32u5xx_hal_cortex.o
 .text.HAL_NVIC_SetPriorityGrouping
                0x080038fa       0x16 ./Drivers/STM32U5xx_HAL_Driver/Src/stm32u5xx_hal_cortex.o
                0x080038fa                HAL_NVIC_SetPriorityGrouping
 .text.HAL_NVIC_SetPriority
                0x08003910       0x34 ./Drivers/STM32U5xx_HAL_Driver/Src/stm32u5xx_hal_cortex.o
                0x08003910                HAL_NVIC_SetPriority
 .text.HAL_NVIC_EnableIRQ
                0x08003944       0x1c ./Drivers/STM32U5xx_HAL_Driver/Src/stm32u5xx_hal_cortex.o
                0x08003944                HAL_NVIC_EnableIRQ
 .text.HAL_SYSTICK_Config
                0x08003960       0x44 ./Drivers/STM32U5xx_HAL_Driver/Src/stm32u5xx_hal_cortex.o
                0x08003960                HAL_SYSTICK_Config
 .text.HAL_SYSTICK_CLKSourceConfig
                0x080039a4       0xb0 ./Drivers/STM32U5xx_HAL_Driver/Src/stm32u5xx_hal_cortex.o
                0x080039a4                HAL_SYSTICK_CLKSourceConfig
 .text.HAL_SYSTICK_GetCLKSourceConfig
                0x08003a54       0x74 ./Drivers/STM32U5xx_HAL_Driver/Src/stm32u5xx_hal_cortex.o
                0x08003a54                HAL_SYSTICK_GetCLKSourceConfig
 .text.HAL_DMA_Abort
                0x08003ac8       0xf8 ./Drivers/STM32U5xx_HAL_Driver/Src/stm32u5xx_hal_dma.o
                0x08003ac8                HAL_DMA_Abort
 .text.HAL_DMA_Abort_IT
                0x08003bc0       0x52 ./Drivers/STM32U5xx_HAL_Driver/Src/stm32u5xx_hal_dma.o
                0x08003bc0                HAL_DMA_Abort_IT
 *fill*         0x08003c12        0x2 
 .text.HAL_GPIO_Init
                0x08003c14      0x3c0 ./Drivers/STM32U5xx_HAL_Driver/Src/stm32u5xx_hal_gpio.o
                0x08003c14                HAL_GPIO_Init
 .text.HAL_GPIO_WritePin
                0x08003fd4       0x30 ./Drivers/STM32U5xx_HAL_Driver/Src/stm32u5xx_hal_gpio.o
                0x08003fd4                HAL_GPIO_WritePin
 .text.HAL_GPIO_TogglePin
                0x08004004       0x34 ./Drivers/STM32U5xx_HAL_Driver/Src/stm32u5xx_hal_gpio.o
                0x08004004                HAL_GPIO_TogglePin
 .text.HAL_GPIO_EXTI_IRQHandler
                0x08004038       0x4c ./Drivers/STM32U5xx_HAL_Driver/Src/stm32u5xx_hal_gpio.o
                0x08004038                HAL_GPIO_EXTI_IRQHandler
 .text.HAL_I2C_Init
                0x08004084      0x136 ./Drivers/STM32U5xx_HAL_Driver/Src/stm32u5xx_hal_i2c.o
                0x08004084                HAL_I2C_Init
 *fill*         0x080041ba        0x2 
 .text.HAL_I2C_Master_Transmit
                0x080041bc      0x1e8 ./Drivers/STM32U5xx_HAL_Driver/Src/stm32u5xx_hal_i2c.o
                0x080041bc                HAL_I2C_Master_Transmit
 .text.HAL_I2C_Master_Receive
                0x080043a4      0x1ec ./Drivers/STM32U5xx_HAL_Driver/Src/stm32u5xx_hal_i2c.o
                0x080043a4                HAL_I2C_Master_Receive
 .text.I2C_Flush_TXDR
                0x08004590       0x48 ./Drivers/STM32U5xx_HAL_Driver/Src/stm32u5xx_hal_i2c.o
 .text.I2C_WaitOnFlagUntilTimeout
                0x080045d8       0xb2 ./Drivers/STM32U5xx_HAL_Driver/Src/stm32u5xx_hal_i2c.o
 .text.I2C_WaitOnTXISFlagUntilTimeout
                0x0800468a       0x8e ./Drivers/STM32U5xx_HAL_Driver/Src/stm32u5xx_hal_i2c.o
 .text.I2C_WaitOnSTOPFlagUntilTimeout
                0x08004718       0x86 ./Drivers/STM32U5xx_HAL_Driver/Src/stm32u5xx_hal_i2c.o
 *fill*         0x0800479e        0x2 
 .text.I2C_WaitOnRXNEFlagUntilTimeout
                0x080047a0      0x118 ./Drivers/STM32U5xx_HAL_Driver/Src/stm32u5xx_hal_i2c.o
 .text.I2C_IsErrorOccurred
                0x080048b8      0x1c0 ./Drivers/STM32U5xx_HAL_Driver/Src/stm32u5xx_hal_i2c.o
 .text.I2C_TransferConfig
                0x08004a78       0x64 ./Drivers/STM32U5xx_HAL_Driver/Src/stm32u5xx_hal_i2c.o
 .text.HAL_I2CEx_ConfigAnalogFilter
                0x08004adc       0x96 ./Drivers/STM32U5xx_HAL_Driver/Src/stm32u5xx_hal_i2c_ex.o
                0x08004adc                HAL_I2CEx_ConfigAnalogFilter
 .text.HAL_I2CEx_ConfigDigitalFilter
                0x08004b72       0x98 ./Drivers/STM32U5xx_HAL_Driver/Src/stm32u5xx_hal_i2c_ex.o
                0x08004b72                HAL_I2CEx_ConfigDigitalFilter
 *fill*         0x08004c0a        0x2 
 .text.HAL_MDF_Init
                0x08004c0c      0x2b0 ./Drivers/STM32U5xx_HAL_Driver/Src/stm32u5xx_hal_mdf.o
                0x08004c0c                HAL_MDF_Init
 .text.HAL_MDF_AcqCpltCallback
                0x08004ebc       0x14 ./Drivers/STM32U5xx_HAL_Driver/Src/stm32u5xx_hal_mdf.o
                0x08004ebc                HAL_MDF_AcqCpltCallback
 .text.HAL_MDF_SndLvlCallback
                0x08004ed0       0x18 ./Drivers/STM32U5xx_HAL_Driver/Src/stm32u5xx_hal_mdf.o
                0x08004ed0                HAL_MDF_SndLvlCallback
 .text.HAL_MDF_SadCallback
                0x08004ee8       0x14 ./Drivers/STM32U5xx_HAL_Driver/Src/stm32u5xx_hal_mdf.o
                0x08004ee8                HAL_MDF_SadCallback
 .text.HAL_MDF_OldCallback
                0x08004efc       0x16 ./Drivers/STM32U5xx_HAL_Driver/Src/stm32u5xx_hal_mdf.o
                0x08004efc                HAL_MDF_OldCallback
 .text.HAL_MDF_IRQHandler
                0x08004f12      0x23a ./Drivers/STM32U5xx_HAL_Driver/Src/stm32u5xx_hal_mdf.o
                0x08004f12                HAL_MDF_IRQHandler
 .text.HAL_MDF_ErrorCallback
                0x0800514c       0x14 ./Drivers/STM32U5xx_HAL_Driver/Src/stm32u5xx_hal_mdf.o
                0x0800514c                HAL_MDF_ErrorCallback
 .text.MDF_GetHandleNumberFromInstance
                0x08005160       0x88 ./Drivers/STM32U5xx_HAL_Driver/Src/stm32u5xx_hal_mdf.o
 .text.HAL_PCD_Init
                0x080051e8      0x230 ./Drivers/STM32U5xx_HAL_Driver/Src/stm32u5xx_hal_pcd.o
                0x080051e8                HAL_PCD_Init
 .text.HAL_PCD_Start
                0x08005418       0x5e ./Drivers/STM32U5xx_HAL_Driver/Src/stm32u5xx_hal_pcd.o
                0x08005418                HAL_PCD_Start
 .text.HAL_PCD_IRQHandler
                0x08005476      0x9d0 ./Drivers/STM32U5xx_HAL_Driver/Src/stm32u5xx_hal_pcd.o
                0x08005476                HAL_PCD_IRQHandler
 .text.HAL_PCD_SetAddress
                0x08005e46       0x48 ./Drivers/STM32U5xx_HAL_Driver/Src/stm32u5xx_hal_pcd.o
                0x08005e46                HAL_PCD_SetAddress
 .text.HAL_PCD_EP_Open
                0x08005e8e       0xd4 ./Drivers/STM32U5xx_HAL_Driver/Src/stm32u5xx_hal_pcd.o
                0x08005e8e                HAL_PCD_EP_Open
 .text.HAL_PCD_EP_Close
                0x08005f62       0x94 ./Drivers/STM32U5xx_HAL_Driver/Src/stm32u5xx_hal_pcd.o
                0x08005f62                HAL_PCD_EP_Close
 .text.HAL_PCD_EP_Receive
                0x08005ff6       0x76 ./Drivers/STM32U5xx_HAL_Driver/Src/stm32u5xx_hal_pcd.o
                0x08005ff6                HAL_PCD_EP_Receive
 .text.HAL_PCD_EP_GetRxCount
                0x0800606c       0x30 ./Drivers/STM32U5xx_HAL_Driver/Src/stm32u5xx_hal_pcd.o
                0x0800606c                HAL_PCD_EP_GetRxCount
 .text.HAL_PCD_EP_Transmit
                0x0800609c       0x74 ./Drivers/STM32U5xx_HAL_Driver/Src/stm32u5xx_hal_pcd.o
                0x0800609c                HAL_PCD_EP_Transmit
 .text.HAL_PCD_EP_SetStall
                0x08006110       0xc6 ./Drivers/STM32U5xx_HAL_Driver/Src/stm32u5xx_hal_pcd.o
                0x08006110                HAL_PCD_EP_SetStall
 .text.HAL_PCD_EP_ClrStall
                0x080061d6       0xac ./Drivers/STM32U5xx_HAL_Driver/Src/stm32u5xx_hal_pcd.o
                0x080061d6                HAL_PCD_EP_ClrStall
 .text.HAL_PCD_EP_Abort
                0x08006282       0x62 ./Drivers/STM32U5xx_HAL_Driver/Src/stm32u5xx_hal_pcd.o
                0x08006282                HAL_PCD_EP_Abort
 .text.PCD_WriteEmptyTxFifo
                0x080062e4      0x118 ./Drivers/STM32U5xx_HAL_Driver/Src/stm32u5xx_hal_pcd.o
 .text.PCD_EP_OutXfrComplete_int
                0x080063fc      0x1d0 ./Drivers/STM32U5xx_HAL_Driver/Src/stm32u5xx_hal_pcd.o
 .text.PCD_EP_OutSetupPacket_int
                0x080065cc       0x8c ./Drivers/STM32U5xx_HAL_Driver/Src/stm32u5xx_hal_pcd.o
 .text.HAL_PCDEx_SetTxFiFo
                0x08006658       0x8e ./Drivers/STM32U5xx_HAL_Driver/Src/stm32u5xx_hal_pcd_ex.o
                0x08006658                HAL_PCDEx_SetTxFiFo
 .text.HAL_PCDEx_SetRxFiFo
                0x080066e6       0x22 ./Drivers/STM32U5xx_HAL_Driver/Src/stm32u5xx_hal_pcd_ex.o
                0x080066e6                HAL_PCDEx_SetRxFiFo
 .text.HAL_PCDEx_ActivateLPM
                0x08006708       0x48 ./Drivers/STM32U5xx_HAL_Driver/Src/stm32u5xx_hal_pcd_ex.o
                0x08006708                HAL_PCDEx_ActivateLPM
 .text.HAL_PWREx_ControlVoltageScaling
                0x08006750       0xfc ./Drivers/STM32U5xx_HAL_Driver/Src/stm32u5xx_hal_pwr_ex.o
                0x08006750                HAL_PWREx_ControlVoltageScaling
 .text.HAL_PWREx_GetVoltageRange
                0x0800684c       0x1c ./Drivers/STM32U5xx_HAL_Driver/Src/stm32u5xx_hal_pwr_ex.o
                0x0800684c                HAL_PWREx_GetVoltageRange
 .text.HAL_PWREx_EnableVddUSB
                0x08006868       0x20 ./Drivers/STM32U5xx_HAL_Driver/Src/stm32u5xx_hal_pwr_ex.o
                0x08006868                HAL_PWREx_EnableVddUSB
 .text.HAL_RCC_OscConfig
                0x08006888      0xdb8 ./Drivers/STM32U5xx_HAL_Driver/Src/stm32u5xx_hal_rcc.o
                0x08006888                HAL_RCC_OscConfig
 .text.HAL_RCC_ClockConfig
                0x08007640      0x3e4 ./Drivers/STM32U5xx_HAL_Driver/Src/stm32u5xx_hal_rcc.o
                0x08007640                HAL_RCC_ClockConfig
 .text.HAL_RCC_GetSysClockFreq
                0x08007a24      0x20c ./Drivers/STM32U5xx_HAL_Driver/Src/stm32u5xx_hal_rcc.o
                0x08007a24                HAL_RCC_GetSysClockFreq
 .text.HAL_RCC_GetHCLKFreq
                0x08007c30       0x34 ./Drivers/STM32U5xx_HAL_Driver/Src/stm32u5xx_hal_rcc.o
                0x08007c30                HAL_RCC_GetHCLKFreq
 .text.HAL_RCC_GetPCLK1Freq
                0x08007c64       0x28 ./Drivers/STM32U5xx_HAL_Driver/Src/stm32u5xx_hal_rcc.o
                0x08007c64                HAL_RCC_GetPCLK1Freq
 .text.HAL_RCC_GetPCLK2Freq
                0x08007c8c       0x28 ./Drivers/STM32U5xx_HAL_Driver/Src/stm32u5xx_hal_rcc.o
                0x08007c8c                HAL_RCC_GetPCLK2Freq
 .text.HAL_RCC_GetPCLK3Freq
                0x08007cb4       0x28 ./Drivers/STM32U5xx_HAL_Driver/Src/stm32u5xx_hal_rcc.o
                0x08007cb4                HAL_RCC_GetPCLK3Freq
 .text.RCC_SetFlashLatencyFromMSIRange
                0x08007cdc      0x10c ./Drivers/STM32U5xx_HAL_Driver/Src/stm32u5xx_hal_rcc.o
 .text.HAL_RCCEx_PeriphCLKConfig
                0x08007de8      0xb48 ./Drivers/STM32U5xx_HAL_Driver/Src/stm32u5xx_hal_rcc_ex.o
                0x08007de8                HAL_RCCEx_PeriphCLKConfig
 .text.HAL_RCCEx_GetPLL1ClockFreq
                0x08008930      0x2b8 ./Drivers/STM32U5xx_HAL_Driver/Src/stm32u5xx_hal_rcc_ex.o
                0x08008930                HAL_RCCEx_GetPLL1ClockFreq
 .text.HAL_RCCEx_GetPLL2ClockFreq
                0x08008be8      0x2b8 ./Drivers/STM32U5xx_HAL_Driver/Src/stm32u5xx_hal_rcc_ex.o
                0x08008be8                HAL_RCCEx_GetPLL2ClockFreq
 .text.HAL_RCCEx_GetPLL3ClockFreq
                0x08008ea0      0x2b8 ./Drivers/STM32U5xx_HAL_Driver/Src/stm32u5xx_hal_rcc_ex.o
                0x08008ea0                HAL_RCCEx_GetPLL3ClockFreq
 .text.HAL_RCCEx_GetPeriphCLKFreq
                0x08009158     0x1374 ./Drivers/STM32U5xx_HAL_Driver/Src/stm32u5xx_hal_rcc_ex.o
                0x08009158                HAL_RCCEx_GetPeriphCLKFreq
 .text.RCCEx_PLL2_Config
                0x0800a4cc      0x130 ./Drivers/STM32U5xx_HAL_Driver/Src/stm32u5xx_hal_rcc_ex.o
 .text.RCCEx_PLL3_Config
                0x0800a5fc      0x130 ./Drivers/STM32U5xx_HAL_Driver/Src/stm32u5xx_hal_rcc_ex.o
 .text.HAL_SPI_Init
                0x0800a72c      0x22c ./Drivers/STM32U5xx_HAL_Driver/Src/stm32u5xx_hal_spi.o
                0x0800a72c                HAL_SPI_Init
 .text.HAL_SPI_Transmit
                0x0800a958      0x428 ./Drivers/STM32U5xx_HAL_Driver/Src/stm32u5xx_hal_spi.o
                0x0800a958                HAL_SPI_Transmit
 .text.HAL_SPI_Receive
                0x0800ad80      0x5c4 ./Drivers/STM32U5xx_HAL_Driver/Src/stm32u5xx_hal_spi.o
                0x0800ad80                HAL_SPI_Receive
 .text.HAL_SPI_TransmitReceive
                0x0800b344      0x6c0 ./Drivers/STM32U5xx_HAL_Driver/Src/stm32u5xx_hal_spi.o
                0x0800b344                HAL_SPI_TransmitReceive
 .text.SPI_CloseTransfer
                0x0800ba04      0x140 ./Drivers/STM32U5xx_HAL_Driver/Src/stm32u5xx_hal_spi.o
 .text.SPI_WaitOnFlagUntilTimeout
                0x0800bb44       0x5c ./Drivers/STM32U5xx_HAL_Driver/Src/stm32u5xx_hal_spi.o
 .text.SPI_GetPacketSize
                0x0800bba0       0x36 ./Drivers/STM32U5xx_HAL_Driver/Src/stm32u5xx_hal_spi.o
 .text.HAL_SPIEx_SetConfigAutonomousMode
                0x0800bbd6       0x82 ./Drivers/STM32U5xx_HAL_Driver/Src/stm32u5xx_hal_spi_ex.o
                0x0800bbd6                HAL_SPIEx_SetConfigAutonomousMode
 .text.HAL_TIM_Base_Init
                0x0800bc58       0xae ./Drivers/STM32U5xx_HAL_Driver/Src/stm32u5xx_hal_tim.o
                0x0800bc58                HAL_TIM_Base_Init
 *fill*         0x0800bd06        0x2 
 .text.HAL_TIM_Base_Start_IT
                0x0800bd08      0x140 ./Drivers/STM32U5xx_HAL_Driver/Src/stm32u5xx_hal_tim.o
                0x0800bd08                HAL_TIM_Base_Start_IT
 .text.HAL_TIM_Base_Stop_IT
                0x0800be48       0x60 ./Drivers/STM32U5xx_HAL_Driver/Src/stm32u5xx_hal_tim.o
                0x0800be48                HAL_TIM_Base_Stop_IT
 .text.HAL_TIM_IRQHandler
                0x0800bea8      0x29e ./Drivers/STM32U5xx_HAL_Driver/Src/stm32u5xx_hal_tim.o
                0x0800bea8                HAL_TIM_IRQHandler
 *fill*         0x0800c146        0x2 
 .text.HAL_TIM_ConfigClockSource
                0x0800c148      0x204 ./Drivers/STM32U5xx_HAL_Driver/Src/stm32u5xx_hal_tim.o
                0x0800c148                HAL_TIM_ConfigClockSource
 .text.HAL_TIM_OC_DelayElapsedCallback
                0x0800c34c       0x14 ./Drivers/STM32U5xx_HAL_Driver/Src/stm32u5xx_hal_tim.o
                0x0800c34c                HAL_TIM_OC_DelayElapsedCallback
 .text.HAL_TIM_IC_CaptureCallback
                0x0800c360       0x14 ./Drivers/STM32U5xx_HAL_Driver/Src/stm32u5xx_hal_tim.o
                0x0800c360                HAL_TIM_IC_CaptureCallback
 .text.HAL_TIM_PWM_PulseFinishedCallback
                0x0800c374       0x14 ./Drivers/STM32U5xx_HAL_Driver/Src/stm32u5xx_hal_tim.o
                0x0800c374                HAL_TIM_PWM_PulseFinishedCallback
 .text.HAL_TIM_TriggerCallback
                0x0800c388       0x14 ./Drivers/STM32U5xx_HAL_Driver/Src/stm32u5xx_hal_tim.o
                0x0800c388                HAL_TIM_TriggerCallback
 .text.TIM_Base_SetConfig
                0x0800c39c      0x200 ./Drivers/STM32U5xx_HAL_Driver/Src/stm32u5xx_hal_tim.o
                0x0800c39c                TIM_Base_SetConfig
 .text.TIM_TI1_ConfigInputStage
                0x0800c59c       0xe4 ./Drivers/STM32U5xx_HAL_Driver/Src/stm32u5xx_hal_tim.o
 .text.TIM_TI2_ConfigInputStage
                0x0800c680       0x9c ./Drivers/STM32U5xx_HAL_Driver/Src/stm32u5xx_hal_tim.o
 .text.TIM_ITRx_SetConfig
                0x0800c71c       0x3a ./Drivers/STM32U5xx_HAL_Driver/Src/stm32u5xx_hal_tim.o
 .text.TIM_ETR_SetConfig
                0x0800c756       0x40 ./Drivers/STM32U5xx_HAL_Driver/Src/stm32u5xx_hal_tim.o
                0x0800c756                TIM_ETR_SetConfig
 *fill*         0x0800c796        0x2 
 .text.HAL_TIMEx_MasterConfigSynchronization
                0x0800c798      0x184 ./Drivers/STM32U5xx_HAL_Driver/Src/stm32u5xx_hal_tim_ex.o
                0x0800c798                HAL_TIMEx_MasterConfigSynchronization
 .text.HAL_TIMEx_CommutCallback
                0x0800c91c       0x14 ./Drivers/STM32U5xx_HAL_Driver/Src/stm32u5xx_hal_tim_ex.o
                0x0800c91c                HAL_TIMEx_CommutCallback
 .text.HAL_TIMEx_BreakCallback
                0x0800c930       0x14 ./Drivers/STM32U5xx_HAL_Driver/Src/stm32u5xx_hal_tim_ex.o
                0x0800c930                HAL_TIMEx_BreakCallback
 .text.HAL_TIMEx_Break2Callback
                0x0800c944       0x14 ./Drivers/STM32U5xx_HAL_Driver/Src/stm32u5xx_hal_tim_ex.o
                0x0800c944                HAL_TIMEx_Break2Callback
 .text.HAL_TIMEx_EncoderIndexCallback
                0x0800c958       0x14 ./Drivers/STM32U5xx_HAL_Driver/Src/stm32u5xx_hal_tim_ex.o
                0x0800c958                HAL_TIMEx_EncoderIndexCallback
 .text.HAL_TIMEx_DirectionChangeCallback
                0x0800c96c       0x14 ./Drivers/STM32U5xx_HAL_Driver/Src/stm32u5xx_hal_tim_ex.o
                0x0800c96c                HAL_TIMEx_DirectionChangeCallback
 .text.HAL_TIMEx_IndexErrorCallback
                0x0800c980       0x14 ./Drivers/STM32U5xx_HAL_Driver/Src/stm32u5xx_hal_tim_ex.o
                0x0800c980                HAL_TIMEx_IndexErrorCallback
 .text.HAL_TIMEx_TransitionErrorCallback
                0x0800c994       0x14 ./Drivers/STM32U5xx_HAL_Driver/Src/stm32u5xx_hal_tim_ex.o
                0x0800c994                HAL_TIMEx_TransitionErrorCallback
 .text.HAL_UART_Init
                0x0800c9a8       0xa0 ./Drivers/STM32U5xx_HAL_Driver/Src/stm32u5xx_hal_uart.o
                0x0800c9a8                HAL_UART_Init
 .text.HAL_UART_Transmit
                0x0800ca48      0x13c ./Drivers/STM32U5xx_HAL_Driver/Src/stm32u5xx_hal_uart.o
                0x0800ca48                HAL_UART_Transmit
 .text.HAL_UART_Receive
                0x0800cb84      0x1ae ./Drivers/STM32U5xx_HAL_Driver/Src/stm32u5xx_hal_uart.o
                0x0800cb84                HAL_UART_Receive
 *fill*         0x0800cd32        0x2 
 .text.HAL_UART_IRQHandler
                0x0800cd34      0x5b0 ./Drivers/STM32U5xx_HAL_Driver/Src/stm32u5xx_hal_uart.o
                0x0800cd34                HAL_UART_IRQHandler
 .text.HAL_UART_TxCpltCallback
                0x0800d2e4       0x14 ./Drivers/STM32U5xx_HAL_Driver/Src/stm32u5xx_hal_uart.o
                0x0800d2e4                HAL_UART_TxCpltCallback
 .text.HAL_UART_ErrorCallback
                0x0800d2f8       0x14 ./Drivers/STM32U5xx_HAL_Driver/Src/stm32u5xx_hal_uart.o
                0x0800d2f8                HAL_UART_ErrorCallback
 .text.HAL_UARTEx_RxEventCallback
                0x0800d30c       0x18 ./Drivers/STM32U5xx_HAL_Driver/Src/stm32u5xx_hal_uart.o
                0x0800d30c                HAL_UARTEx_RxEventCallback
 .text.UART_SetConfig
                0x0800d324      0x344 ./Drivers/STM32U5xx_HAL_Driver/Src/stm32u5xx_hal_uart.o
                0x0800d324                UART_SetConfig
 .text.UART_AdvFeatureConfig
                0x0800d668      0x144 ./Drivers/STM32U5xx_HAL_Driver/Src/stm32u5xx_hal_uart.o
                0x0800d668                UART_AdvFeatureConfig
 .text.UART_CheckIdleState
                0x0800d7ac      0x154 ./Drivers/STM32U5xx_HAL_Driver/Src/stm32u5xx_hal_uart.o
                0x0800d7ac                UART_CheckIdleState
 .text.UART_WaitOnFlagUntilTimeout
                0x0800d900       0xda ./Drivers/STM32U5xx_HAL_Driver/Src/stm32u5xx_hal_uart.o
                0x0800d900                UART_WaitOnFlagUntilTimeout
 .text.UART_EndRxTransfer
                0x0800d9da       0xcc ./Drivers/STM32U5xx_HAL_Driver/Src/stm32u5xx_hal_uart.o
 .text.UART_DMAAbortOnError
                0x0800daa6       0x24 ./Drivers/STM32U5xx_HAL_Driver/Src/stm32u5xx_hal_uart.o
 .text.UART_EndTransmit_IT
                0x0800daca       0x56 ./Drivers/STM32U5xx_HAL_Driver/Src/stm32u5xx_hal_uart.o
 .text.HAL_UARTEx_RxFifoFullCallback
                0x0800db20       0x14 ./Drivers/STM32U5xx_HAL_Driver/Src/stm32u5xx_hal_uart_ex.o
                0x0800db20                HAL_UARTEx_RxFifoFullCallback
 .text.HAL_UARTEx_TxFifoEmptyCallback
                0x0800db34       0x14 ./Drivers/STM32U5xx_HAL_Driver/Src/stm32u5xx_hal_uart_ex.o
                0x0800db34                HAL_UARTEx_TxFifoEmptyCallback
 .text.HAL_UARTEx_DisableFifoMode
                0x0800db48       0x72 ./Drivers/STM32U5xx_HAL_Driver/Src/stm32u5xx_hal_uart_ex.o
                0x0800db48                HAL_UARTEx_DisableFifoMode
 .text.HAL_UARTEx_SetTxFifoThreshold
                0x0800dbba       0x7c ./Drivers/STM32U5xx_HAL_Driver/Src/stm32u5xx_hal_uart_ex.o
                0x0800dbba                HAL_UARTEx_SetTxFifoThreshold
 .text.HAL_UARTEx_SetRxFifoThreshold
                0x0800dc36       0x7c ./Drivers/STM32U5xx_HAL_Driver/Src/stm32u5xx_hal_uart_ex.o
                0x0800dc36                HAL_UARTEx_SetRxFifoThreshold
 *fill*         0x0800dcb2        0x2 
 .text.UARTEx_SetNbDataToProcess
                0x0800dcb4       0x9c ./Drivers/STM32U5xx_HAL_Driver/Src/stm32u5xx_hal_uart_ex.o
 .text.USB_CoreInit
                0x0800dd50       0x5a ./Drivers/STM32U5xx_HAL_Driver/Src/stm32u5xx_ll_usb.o
                0x0800dd50                USB_CoreInit
 *fill*         0x0800ddaa        0x2 
 .text.USB_SetTurnaroundTime
                0x0800ddac      0x144 ./Drivers/STM32U5xx_HAL_Driver/Src/stm32u5xx_ll_usb.o
                0x0800ddac                USB_SetTurnaroundTime
 .text.USB_EnableGlobalInt
                0x0800def0       0x22 ./Drivers/STM32U5xx_HAL_Driver/Src/stm32u5xx_ll_usb.o
                0x0800def0                USB_EnableGlobalInt
 .text.USB_DisableGlobalInt
                0x0800df12       0x22 ./Drivers/STM32U5xx_HAL_Driver/Src/stm32u5xx_ll_usb.o
                0x0800df12                USB_DisableGlobalInt
 .text.USB_SetCurrentMode
                0x0800df34       0x98 ./Drivers/STM32U5xx_HAL_Driver/Src/stm32u5xx_ll_usb.o
                0x0800df34                USB_SetCurrentMode
 .text.USB_DevInit
                0x0800dfcc      0x298 ./Drivers/STM32U5xx_HAL_Driver/Src/stm32u5xx_ll_usb.o
                0x0800dfcc                USB_DevInit
 .text.USB_FlushTxFifo
                0x0800e264       0x64 ./Drivers/STM32U5xx_HAL_Driver/Src/stm32u5xx_ll_usb.o
                0x0800e264                USB_FlushTxFifo
 .text.USB_FlushRxFifo
                0x0800e2c8       0x5c ./Drivers/STM32U5xx_HAL_Driver/Src/stm32u5xx_ll_usb.o
                0x0800e2c8                USB_FlushRxFifo
 .text.USB_SetDevSpeed
                0x0800e324       0x32 ./Drivers/STM32U5xx_HAL_Driver/Src/stm32u5xx_ll_usb.o
                0x0800e324                USB_SetDevSpeed
 .text.USB_GetDevSpeed
                0x0800e356       0x4a ./Drivers/STM32U5xx_HAL_Driver/Src/stm32u5xx_ll_usb.o
                0x0800e356                USB_GetDevSpeed
 .text.USB_ActivateEndpoint
                0x0800e3a0      0x10e ./Drivers/STM32U5xx_HAL_Driver/Src/stm32u5xx_ll_usb.o
                0x0800e3a0                USB_ActivateEndpoint
 *fill*         0x0800e4ae        0x2 
 .text.USB_DeactivateEndpoint
                0x0800e4b0      0x1b8 ./Drivers/STM32U5xx_HAL_Driver/Src/stm32u5xx_ll_usb.o
                0x0800e4b0                USB_DeactivateEndpoint
 .text.USB_EPStartXfer
                0x0800e668      0x53c ./Drivers/STM32U5xx_HAL_Driver/Src/stm32u5xx_ll_usb.o
                0x0800e668                USB_EPStartXfer
 .text.USB_EPStopXfer
                0x0800eba4      0x1f8 ./Drivers/STM32U5xx_HAL_Driver/Src/stm32u5xx_ll_usb.o
                0x0800eba4                USB_EPStopXfer
 .text.USB_EPSetStall
                0x0800ed9c       0xdc ./Drivers/STM32U5xx_HAL_Driver/Src/stm32u5xx_ll_usb.o
                0x0800ed9c                USB_EPSetStall
 .text.USB_EPClearStall
                0x0800ee78       0xcc ./Drivers/STM32U5xx_HAL_Driver/Src/stm32u5xx_ll_usb.o
                0x0800ee78                USB_EPClearStall
 .text.USB_WritePacket
                0x0800ef44       0x7c ./Drivers/STM32U5xx_HAL_Driver/Src/stm32u5xx_ll_usb.o
                0x0800ef44                USB_WritePacket
 .text.USB_ReadPacket
                0x0800efc0       0xb0 ./Drivers/STM32U5xx_HAL_Driver/Src/stm32u5xx_ll_usb.o
                0x0800efc0                USB_ReadPacket
 .text.USB_SetDevAddress
                0x0800f070       0x4c ./Drivers/STM32U5xx_HAL_Driver/Src/stm32u5xx_ll_usb.o
                0x0800f070                USB_SetDevAddress
 .text.USB_DevConnect
                0x0800f0bc       0x42 ./Drivers/STM32U5xx_HAL_Driver/Src/stm32u5xx_ll_usb.o
                0x0800f0bc                USB_DevConnect
 .text.USB_DevDisconnect
                0x0800f0fe       0x42 ./Drivers/STM32U5xx_HAL_Driver/Src/stm32u5xx_ll_usb.o
                0x0800f0fe                USB_DevDisconnect
 .text.USB_ReadInterrupts
                0x0800f140       0x26 ./Drivers/STM32U5xx_HAL_Driver/Src/stm32u5xx_ll_usb.o
                0x0800f140                USB_ReadInterrupts
 .text.USB_ReadDevAllOutEpInterrupt
                0x0800f166       0x34 ./Drivers/STM32U5xx_HAL_Driver/Src/stm32u5xx_ll_usb.o
                0x0800f166                USB_ReadDevAllOutEpInterrupt
 .text.USB_ReadDevAllInEpInterrupt
                0x0800f19a       0x34 ./Drivers/STM32U5xx_HAL_Driver/Src/stm32u5xx_ll_usb.o
                0x0800f19a                USB_ReadDevAllInEpInterrupt
 .text.USB_ReadDevOutEPInterrupt
                0x0800f1ce       0x3c ./Drivers/STM32U5xx_HAL_Driver/Src/stm32u5xx_ll_usb.o
                0x0800f1ce                USB_ReadDevOutEPInterrupt
 .text.USB_ReadDevInEPInterrupt
                0x0800f20a       0x5c ./Drivers/STM32U5xx_HAL_Driver/Src/stm32u5xx_ll_usb.o
                0x0800f20a                USB_ReadDevInEPInterrupt
 .text.USB_GetMode
                0x0800f266       0x1c ./Drivers/STM32U5xx_HAL_Driver/Src/stm32u5xx_ll_usb.o
                0x0800f266                USB_GetMode
 .text.USB_ActivateSetup
                0x0800f282       0x46 ./Drivers/STM32U5xx_HAL_Driver/Src/stm32u5xx_ll_usb.o
                0x0800f282                USB_ActivateSetup
 .text.USB_EP0_OutStart
                0x0800f2c8       0xbc ./Drivers/STM32U5xx_HAL_Driver/Src/stm32u5xx_ll_usb.o
                0x0800f2c8                USB_EP0_OutStart
 .text.USB_CoreReset
                0x0800f384       0x70 ./Drivers/STM32U5xx_HAL_Driver/Src/stm32u5xx_ll_usb.o
 .text.MX_USB_Device_Init
                0x0800f3f4       0x60 ./USB_Device/App/usb_device.o
                0x0800f3f4                MX_USB_Device_Init
 .text.CDC_Init_FS
                0x0800f454       0x34 ./USB_Device/App/usbd_cdc_if.o
 .text.CDC_DeInit_FS
                0x0800f488       0x10 ./USB_Device/App/usbd_cdc_if.o
 .text.CDC_Control_FS
                0x0800f498       0xbc ./USB_Device/App/usbd_cdc_if.o
 .text.CDC_Receive_FS
                0x0800f554       0x28 ./USB_Device/App/usbd_cdc_if.o
 .text.CDC_Transmit_FS
                0x0800f57c       0x4c ./USB_Device/App/usbd_cdc_if.o
                0x0800f57c                CDC_Transmit_FS
 .text.CDC_TransmitCplt_FS
                0x0800f5c8       0x22 ./USB_Device/App/usbd_cdc_if.o
 *fill*         0x0800f5ea        0x2 
 .text.USBD_CDC_DeviceDescriptor
                0x0800f5ec       0x24 ./USB_Device/App/usbd_desc.o
                0x0800f5ec                USBD_CDC_DeviceDescriptor
 .text.USBD_CDC_LangIDStrDescriptor
                0x0800f610       0x24 ./USB_Device/App/usbd_desc.o
                0x0800f610                USBD_CDC_LangIDStrDescriptor
 .text.USBD_CDC_ProductStrDescriptor
                0x0800f634       0x3c ./USB_Device/App/usbd_desc.o
                0x0800f634                USBD_CDC_ProductStrDescriptor
 .text.USBD_CDC_ManufacturerStrDescriptor
                0x0800f670       0x28 ./USB_Device/App/usbd_desc.o
                0x0800f670                USBD_CDC_ManufacturerStrDescriptor
 .text.USBD_CDC_SerialStrDescriptor
                0x0800f698       0x24 ./USB_Device/App/usbd_desc.o
                0x0800f698                USBD_CDC_SerialStrDescriptor
 .text.USBD_CDC_ConfigStrDescriptor
                0x0800f6bc       0x3c ./USB_Device/App/usbd_desc.o
                0x0800f6bc                USBD_CDC_ConfigStrDescriptor
 .text.USBD_CDC_InterfaceStrDescriptor
                0x0800f6f8       0x3c ./USB_Device/App/usbd_desc.o
                0x0800f6f8                USBD_CDC_InterfaceStrDescriptor
 .text.Get_SerialNum
                0x0800f734       0x58 ./USB_Device/App/usbd_desc.o
 .text.IntToUnicode
                0x0800f78c       0x7e ./USB_Device/App/usbd_desc.o
 .text.HAL_PCD_SetupStageCallback
                0x0800f80a       0x24 ./USB_Device/Target/usbd_conf.o
                0x0800f80a                HAL_PCD_SetupStageCallback
 .text.HAL_PCD_DataOutStageCallback
                0x0800f82e       0x36 ./USB_Device/Target/usbd_conf.o
                0x0800f82e                HAL_PCD_DataOutStageCallback
 .text.HAL_PCD_DataInStageCallback
                0x0800f864       0x34 ./USB_Device/Target/usbd_conf.o
                0x0800f864                HAL_PCD_DataInStageCallback
 .text.HAL_PCD_SOFCallback
                0x0800f898       0x1c ./USB_Device/Target/usbd_conf.o
                0x0800f898                HAL_PCD_SOFCallback
 .text.HAL_PCD_ResetCallback
                0x0800f8b4       0x3c ./USB_Device/Target/usbd_conf.o
                0x0800f8b4                HAL_PCD_ResetCallback
 .text.HAL_PCD_SuspendCallback
                0x0800f8f0       0x34 ./USB_Device/Target/usbd_conf.o
                0x0800f8f0                HAL_PCD_SuspendCallback
 .text.HAL_PCD_ResumeCallback
                0x0800f924       0x38 ./USB_Device/Target/usbd_conf.o
                0x0800f924                HAL_PCD_ResumeCallback
 .text.HAL_PCD_ISOOUTIncompleteCallback
                0x0800f95c       0x24 ./USB_Device/Target/usbd_conf.o
                0x0800f95c                HAL_PCD_ISOOUTIncompleteCallback
 .text.HAL_PCD_ISOINIncompleteCallback
                0x0800f980       0x24 ./USB_Device/Target/usbd_conf.o
                0x0800f980                HAL_PCD_ISOINIncompleteCallback
 .text.HAL_PCD_ConnectCallback
                0x0800f9a4       0x1c ./USB_Device/Target/usbd_conf.o
                0x0800f9a4                HAL_PCD_ConnectCallback
 .text.HAL_PCD_DisconnectCallback
                0x0800f9c0       0x1c ./USB_Device/Target/usbd_conf.o
                0x0800f9c0                HAL_PCD_DisconnectCallback
 .text.USBD_LL_Init
                0x0800f9dc       0xa4 ./USB_Device/Target/usbd_conf.o
                0x0800f9dc                USBD_LL_Init
 .text.USBD_LL_Start
                0x0800fa80       0x36 ./USB_Device/Target/usbd_conf.o
                0x0800fa80                USBD_LL_Start
 .text.USBD_LL_OpenEP
                0x0800fab6       0x4c ./USB_Device/Target/usbd_conf.o
                0x0800fab6                USBD_LL_OpenEP
 .text.USBD_LL_CloseEP
                0x0800fb02       0x3e ./USB_Device/Target/usbd_conf.o
                0x0800fb02                USBD_LL_CloseEP
 .text.USBD_LL_StallEP
                0x0800fb40       0x3e ./USB_Device/Target/usbd_conf.o
                0x0800fb40                USBD_LL_StallEP
 .text.USBD_LL_ClearStallEP
                0x0800fb7e       0x3e ./USB_Device/Target/usbd_conf.o
                0x0800fb7e                USBD_LL_ClearStallEP
 .text.USBD_LL_IsStallEP
                0x0800fbbc       0x58 ./USB_Device/Target/usbd_conf.o
                0x0800fbbc                USBD_LL_IsStallEP
 .text.USBD_LL_SetUSBAddress
                0x0800fc14       0x3e ./USB_Device/Target/usbd_conf.o
                0x0800fc14                USBD_LL_SetUSBAddress
 .text.USBD_LL_Transmit
                0x0800fc52       0x42 ./USB_Device/Target/usbd_conf.o
                0x0800fc52                USBD_LL_Transmit
 .text.USBD_LL_PrepareReceive
                0x0800fc94       0x42 ./USB_Device/Target/usbd_conf.o
                0x0800fc94                USBD_LL_PrepareReceive
 .text.USBD_LL_GetRxDataSize
                0x0800fcd6       0x26 ./USB_Device/Target/usbd_conf.o
                0x0800fcd6                USBD_LL_GetRxDataSize
 .text.HAL_PCDEx_LPM_Callback
                0x0800fcfc       0x6c ./USB_Device/Target/usbd_conf.o
                0x0800fcfc                HAL_PCDEx_LPM_Callback
 .text.USBD_static_malloc
                0x0800fd68       0x1c ./USB_Device/Target/usbd_conf.o
                0x0800fd68                USBD_static_malloc
 .text.USBD_static_free
                0x0800fd84       0x14 ./USB_Device/Target/usbd_conf.o
                0x0800fd84                USBD_static_free
 .text.SystemClockConfig_Resume
                0x0800fd98        0xc ./USB_Device/Target/usbd_conf.o
 .text.USBD_Get_USB_Status
                0x0800fda4       0x58 ./USB_Device/Target/usbd_conf.o
 .text.USBD_CDC_Init
                0x0800fdfc       0xfe ./USB_Middlewares/ST/STM32_USB_Device_Library/Class/CDC/Src/usbd_cdc.o
 .text.USBD_CDC_DeInit
                0x0800fefa       0x74 ./USB_Middlewares/ST/STM32_USB_Device_Library/Class/CDC/Src/usbd_cdc.o
 *fill*         0x0800ff6e        0x2 
 .text.USBD_CDC_Setup
                0x0800ff70      0x178 ./USB_Middlewares/ST/STM32_USB_Device_Library/Class/CDC/Src/usbd_cdc.o
 .text.USBD_CDC_DataIn
                0x080100e8       0xca ./USB_Middlewares/ST/STM32_USB_Device_Library/Class/CDC/Src/usbd_cdc.o
 .text.USBD_CDC_DataOut
                0x080101b2       0x56 ./USB_Middlewares/ST/STM32_USB_Device_Library/Class/CDC/Src/usbd_cdc.o
 .text.USBD_CDC_EP0_RxReady
                0x08010208       0x4e ./USB_Middlewares/ST/STM32_USB_Device_Library/Class/CDC/Src/usbd_cdc.o
 *fill*         0x08010256        0x2 
 .text.USBD_CDC_GetFSCfgDesc
                0x08010258       0x20 ./USB_Middlewares/ST/STM32_USB_Device_Library/Class/CDC/Src/usbd_cdc.o
 .text.USBD_CDC_GetHSCfgDesc
                0x08010278       0x20 ./USB_Middlewares/ST/STM32_USB_Device_Library/Class/CDC/Src/usbd_cdc.o
 .text.USBD_CDC_GetOtherSpeedCfgDesc
                0x08010298       0x20 ./USB_Middlewares/ST/STM32_USB_Device_Library/Class/CDC/Src/usbd_cdc.o
 .text.USBD_CDC_GetDeviceQualifierDescriptor
                0x080102b8       0x20 ./USB_Middlewares/ST/STM32_USB_Device_Library/Class/CDC/Src/usbd_cdc.o
                0x080102b8                USBD_CDC_GetDeviceQualifierDescriptor
 .text.USBD_CDC_RegisterInterface
                0x080102d8       0x2a ./USB_Middlewares/ST/STM32_USB_Device_Library/Class/CDC/Src/usbd_cdc.o
                0x080102d8                USBD_CDC_RegisterInterface
 .text.USBD_CDC_SetTxBuffer
                0x08010302       0x32 ./USB_Middlewares/ST/STM32_USB_Device_Library/Class/CDC/Src/usbd_cdc.o
                0x08010302                USBD_CDC_SetTxBuffer
 .text.USBD_CDC_SetRxBuffer
                0x08010334       0x28 ./USB_Middlewares/ST/STM32_USB_Device_Library/Class/CDC/Src/usbd_cdc.o
                0x08010334                USBD_CDC_SetRxBuffer
 .text.USBD_CDC_TransmitPacket
                0x0801035c       0x60 ./USB_Middlewares/ST/STM32_USB_Device_Library/Class/CDC/Src/usbd_cdc.o
                0x0801035c                USBD_CDC_TransmitPacket
 .text.USBD_CDC_ReceivePacket
                0x080103bc       0x54 ./USB_Middlewares/ST/STM32_USB_Device_Library/Class/CDC/Src/usbd_cdc.o
                0x080103bc                USBD_CDC_ReceivePacket
 .text.USBD_Init
                0x08010410       0x60 ./USB_Middlewares/ST/STM32_USB_Device_Library/Core/Src/usbd_core.o
                0x08010410                USBD_Init
 .text.USBD_RegisterClass
                0x08010470       0x4e ./USB_Middlewares/ST/STM32_USB_Device_Library/Core/Src/usbd_core.o
                0x08010470                USBD_RegisterClass
 .text.USBD_Start
                0x080104be       0x18 ./USB_Middlewares/ST/STM32_USB_Device_Library/Core/Src/usbd_core.o
                0x080104be                USBD_Start
 .text.USBD_RunTestMode
                0x080104d6       0x16 ./USB_Middlewares/ST/STM32_USB_Device_Library/Core/Src/usbd_core.o
                0x080104d6                USBD_RunTestMode
 .text.USBD_SetClassConfig
                0x080104ec       0x38 ./USB_Middlewares/ST/STM32_USB_Device_Library/Core/Src/usbd_core.o
                0x080104ec                USBD_SetClassConfig
 .text.USBD_ClrClassConfig
                0x08010524       0x30 ./USB_Middlewares/ST/STM32_USB_Device_Library/Core/Src/usbd_core.o
                0x08010524                USBD_ClrClassConfig
 .text.USBD_LL_SetupStage
                0x08010554       0xaa ./USB_Middlewares/ST/STM32_USB_Device_Library/Core/Src/usbd_core.o
                0x08010554                USBD_LL_SetupStage
 .text.USBD_LL_DataOutStage
                0x080105fe       0xc6 ./USB_Middlewares/ST/STM32_USB_Device_Library/Core/Src/usbd_core.o
                0x080105fe                USBD_LL_DataOutStage
 .text.USBD_LL_DataInStage
                0x080106c4      0x12c ./USB_Middlewares/ST/STM32_USB_Device_Library/Core/Src/usbd_core.o
                0x080106c4                USBD_LL_DataInStage
 .text.USBD_LL_Reset
                0x080107f0       0x82 ./USB_Middlewares/ST/STM32_USB_Device_Library/Core/Src/usbd_core.o
                0x080107f0                USBD_LL_Reset
 .text.USBD_LL_SetSpeed
                0x08010872       0x20 ./USB_Middlewares/ST/STM32_USB_Device_Library/Core/Src/usbd_core.o
                0x08010872                USBD_LL_SetSpeed
 .text.USBD_LL_Suspend
                0x08010892       0x2a ./USB_Middlewares/ST/STM32_USB_Device_Library/Core/Src/usbd_core.o
                0x08010892                USBD_LL_Suspend
 .text.USBD_LL_Resume
                0x080108bc       0x2c ./USB_Middlewares/ST/STM32_USB_Device_Library/Core/Src/usbd_core.o
                0x080108bc                USBD_LL_Resume
 .text.USBD_LL_SOF
                0x080108e8       0x34 ./USB_Middlewares/ST/STM32_USB_Device_Library/Core/Src/usbd_core.o
                0x080108e8                USBD_LL_SOF
 .text.USBD_LL_IsoINIncomplete
                0x0801091c       0x1a ./USB_Middlewares/ST/STM32_USB_Device_Library/Core/Src/usbd_core.o
                0x0801091c                USBD_LL_IsoINIncomplete
 .text.USBD_LL_IsoOUTIncomplete
                0x08010936       0x1a ./USB_Middlewares/ST/STM32_USB_Device_Library/Core/Src/usbd_core.o
                0x08010936                USBD_LL_IsoOUTIncomplete
 .text.USBD_LL_DevConnected
                0x08010950       0x16 ./USB_Middlewares/ST/STM32_USB_Device_Library/Core/Src/usbd_core.o
                0x08010950                USBD_LL_DevConnected
 .text.USBD_LL_DevDisconnected
                0x08010966       0x38 ./USB_Middlewares/ST/STM32_USB_Device_Library/Core/Src/usbd_core.o
                0x08010966                USBD_LL_DevDisconnected
 .text.SWAPBYTE
                0x0801099e       0x3e ./USB_Middlewares/ST/STM32_USB_Device_Library/Core/Src/usbd_ctlreq.o
 .text.USBD_StdDevReq
                0x080109dc       0xdc ./USB_Middlewares/ST/STM32_USB_Device_Library/Core/Src/usbd_ctlreq.o
                0x080109dc                USBD_StdDevReq
 .text.USBD_StdItfReq
                0x08010ab8       0x90 ./USB_Middlewares/ST/STM32_USB_Device_Library/Core/Src/usbd_ctlreq.o
                0x08010ab8                USBD_StdItfReq
 .text.USBD_StdEPReq
                0x08010b48      0x2be ./USB_Middlewares/ST/STM32_USB_Device_Library/Core/Src/usbd_ctlreq.o
                0x08010b48                USBD_StdEPReq
 *fill*         0x08010e06        0x2 
 .text.USBD_GetDescriptor
                0x08010e08      0x328 ./USB_Middlewares/ST/STM32_USB_Device_Library/Core/Src/usbd_ctlreq.o
 .text.USBD_SetAddress
                0x08011130       0x86 ./USB_Middlewares/ST/STM32_USB_Device_Library/Core/Src/usbd_ctlreq.o
 *fill*         0x080111b6        0x2 
 .text.USBD_SetConfig
                0x080111b8      0x148 ./USB_Middlewares/ST/STM32_USB_Device_Library/Core/Src/usbd_ctlreq.o
 .text.USBD_GetConfig
                0x08011300       0x6a ./USB_Middlewares/ST/STM32_USB_Device_Library/Core/Src/usbd_ctlreq.o
 .text.USBD_GetStatus
                0x0801136a       0x66 ./USB_Middlewares/ST/STM32_USB_Device_Library/Core/Src/usbd_ctlreq.o
 .text.USBD_SetFeature
                0x080113d0       0x28 ./USB_Middlewares/ST/STM32_USB_Device_Library/Core/Src/usbd_ctlreq.o
 .text.USBD_ClrFeature
                0x080113f8       0x42 ./USB_Middlewares/ST/STM32_USB_Device_Library/Core/Src/usbd_ctlreq.o
 .text.USBD_ParseSetupRequest
                0x0801143a       0x74 ./USB_Middlewares/ST/STM32_USB_Device_Library/Core/Src/usbd_ctlreq.o
                0x0801143a                USBD_ParseSetupRequest
 .text.USBD_CtlError
                0x080114ae       0x22 ./USB_Middlewares/ST/STM32_USB_Device_Library/Core/Src/usbd_ctlreq.o
                0x080114ae                USBD_CtlError
 .text.USBD_GetString
                0x080114d0       0x8c ./USB_Middlewares/ST/STM32_USB_Device_Library/Core/Src/usbd_ctlreq.o
                0x080114d0                USBD_GetString
 .text.USBD_GetLen
                0x0801155c       0x34 ./USB_Middlewares/ST/STM32_USB_Device_Library/Core/Src/usbd_ctlreq.o
 .text.USBD_CtlSendData
                0x08011590       0x36 ./USB_Middlewares/ST/STM32_USB_Device_Library/Core/Src/usbd_ioreq.o
                0x08011590                USBD_CtlSendData
 .text.USBD_CtlContinueSendData
                0x080115c6       0x22 ./USB_Middlewares/ST/STM32_USB_Device_Library/Core/Src/usbd_ioreq.o
                0x080115c6                USBD_CtlContinueSendData
 .text.USBD_CtlPrepareRx
                0x080115e8       0x3a ./USB_Middlewares/ST/STM32_USB_Device_Library/Core/Src/usbd_ioreq.o
                0x080115e8                USBD_CtlPrepareRx
 .text.USBD_CtlContinueRx
                0x08011622       0x22 ./USB_Middlewares/ST/STM32_USB_Device_Library/Core/Src/usbd_ioreq.o
                0x08011622                USBD_CtlContinueRx
 .text.USBD_CtlSendStatus
                0x08011644       0x26 ./USB_Middlewares/ST/STM32_USB_Device_Library/Core/Src/usbd_ioreq.o
                0x08011644                USBD_CtlSendStatus
 .text.USBD_CtlReceiveStatus
                0x0801166a       0x26 ./USB_Middlewares/ST/STM32_USB_Device_Library/Core/Src/usbd_ioreq.o
                0x0801166a                USBD_CtlReceiveStatus
 .text.__cvt    0x08011690       0xca C:/ST/STM32CubeIDE_1.18.0/STM32CubeIDE/plugins/com.st.stm32cube.ide.mcu.externaltools.gnu-tools-for-stm32.13.3.rel1.win32_1.0.0.202411081344/tools/bin/../lib/gcc/arm-none-eabi/13.3.1/../../../../arm-none-eabi/lib/thumb/v8-m.main+fp/hard\libc_nano.a(libc_a-nano-vfprintf_float.o)
                0x08011690                __cvt
 .text.__exponent
                0x0801175a       0x72 C:/ST/STM32CubeIDE_1.18.0/STM32CubeIDE/plugins/com.st.stm32cube.ide.mcu.externaltools.gnu-tools-for-stm32.13.3.rel1.win32_1.0.0.202411081344/tools/bin/../lib/gcc/arm-none-eabi/13.3.1/../../../../arm-none-eabi/lib/thumb/v8-m.main+fp/hard\libc_nano.a(libc_a-nano-vfprintf_float.o)
                0x0801175a                __exponent
 .text._printf_float
                0x080117cc      0x454 C:/ST/STM32CubeIDE_1.18.0/STM32CubeIDE/plugins/com.st.stm32cube.ide.mcu.externaltools.gnu-tools-for-stm32.13.3.rel1.win32_1.0.0.202411081344/tools/bin/../lib/gcc/arm-none-eabi/13.3.1/../../../../arm-none-eabi/lib/thumb/v8-m.main+fp/hard\libc_nano.a(libc_a-nano-vfprintf_float.o)
                0x080117cc                _printf_float
 .text._printf_common
                0x08011c20       0xe4 C:/ST/STM32CubeIDE_1.18.0/STM32CubeIDE/plugins/com.st.stm32cube.ide.mcu.externaltools.gnu-tools-for-stm32.13.3.rel1.win32_1.0.0.202411081344/tools/bin/../lib/gcc/arm-none-eabi/13.3.1/../../../../arm-none-eabi/lib/thumb/v8-m.main+fp/hard\libc_nano.a(libc_a-nano-vfprintf_i.o)
                0x08011c20                _printf_common
 .text._printf_i
                0x08011d04      0x23c C:/ST/STM32CubeIDE_1.18.0/STM32CubeIDE/plugins/com.st.stm32cube.ide.mcu.externaltools.gnu-tools-for-stm32.13.3.rel1.win32_1.0.0.202411081344/tools/bin/../lib/gcc/arm-none-eabi/13.3.1/../../../../arm-none-eabi/lib/thumb/v8-m.main+fp/hard\libc_nano.a(libc_a-nano-vfprintf_i.o)
                0x08011d04                _printf_i
 .text.std      0x08011f40       0x6c C:/ST/STM32CubeIDE_1.18.0/STM32CubeIDE/plugins/com.st.stm32cube.ide.mcu.externaltools.gnu-tools-for-stm32.13.3.rel1.win32_1.0.0.202411081344/tools/bin/../lib/gcc/arm-none-eabi/13.3.1/../../../../arm-none-eabi/lib/thumb/v8-m.main+fp/hard\libc_nano.a(libc_a-findfp.o)
 .text.stdio_exit_handler
                0x08011fac       0x18 C:/ST/STM32CubeIDE_1.18.0/STM32CubeIDE/plugins/com.st.stm32cube.ide.mcu.externaltools.gnu-tools-for-stm32.13.3.rel1.win32_1.0.0.202411081344/tools/bin/../lib/gcc/arm-none-eabi/13.3.1/../../../../arm-none-eabi/lib/thumb/v8-m.main+fp/hard\libc_nano.a(libc_a-findfp.o)
 .text.cleanup_stdio
                0x08011fc4       0x40 C:/ST/STM32CubeIDE_1.18.0/STM32CubeIDE/plugins/com.st.stm32cube.ide.mcu.externaltools.gnu-tools-for-stm32.13.3.rel1.win32_1.0.0.202411081344/tools/bin/../lib/gcc/arm-none-eabi/13.3.1/../../../../arm-none-eabi/lib/thumb/v8-m.main+fp/hard\libc_nano.a(libc_a-findfp.o)
 .text.global_stdio_init.part.0
                0x08012004       0x3c C:/ST/STM32CubeIDE_1.18.0/STM32CubeIDE/plugins/com.st.stm32cube.ide.mcu.externaltools.gnu-tools-for-stm32.13.3.rel1.win32_1.0.0.202411081344/tools/bin/../lib/gcc/arm-none-eabi/13.3.1/../../../../arm-none-eabi/lib/thumb/v8-m.main+fp/hard\libc_nano.a(libc_a-findfp.o)
 .text.__sfp_lock_acquire
                0x08012040        0xc C:/ST/STM32CubeIDE_1.18.0/STM32CubeIDE/plugins/com.st.stm32cube.ide.mcu.externaltools.gnu-tools-for-stm32.13.3.rel1.win32_1.0.0.202411081344/tools/bin/../lib/gcc/arm-none-eabi/13.3.1/../../../../arm-none-eabi/lib/thumb/v8-m.main+fp/hard\libc_nano.a(libc_a-findfp.o)
                0x08012040                __sfp_lock_acquire
 .text.__sfp_lock_release
                0x0801204c        0xc C:/ST/STM32CubeIDE_1.18.0/STM32CubeIDE/plugins/com.st.stm32cube.ide.mcu.externaltools.gnu-tools-for-stm32.13.3.rel1.win32_1.0.0.202411081344/tools/bin/../lib/gcc/arm-none-eabi/13.3.1/../../../../arm-none-eabi/lib/thumb/v8-m.main+fp/hard\libc_nano.a(libc_a-findfp.o)
                0x0801204c                __sfp_lock_release
 .text.__sinit  0x08012058       0x30 C:/ST/STM32CubeIDE_1.18.0/STM32CubeIDE/plugins/com.st.stm32cube.ide.mcu.externaltools.gnu-tools-for-stm32.13.3.rel1.win32_1.0.0.202411081344/tools/bin/../lib/gcc/arm-none-eabi/13.3.1/../../../../arm-none-eabi/lib/thumb/v8-m.main+fp/hard\libc_nano.a(libc_a-findfp.o)
                0x08012058                __sinit
 .text._fwalk_sglue
                0x08012088       0x3c C:/ST/STM32CubeIDE_1.18.0/STM32CubeIDE/plugins/com.st.stm32cube.ide.mcu.externaltools.gnu-tools-for-stm32.13.3.rel1.win32_1.0.0.202411081344/tools/bin/../lib/gcc/arm-none-eabi/13.3.1/../../../../arm-none-eabi/lib/thumb/v8-m.main+fp/hard\libc_nano.a(libc_a-fwalk.o)
                0x08012088                _fwalk_sglue
 .text.__sread  0x080120c4       0x22 C:/ST/STM32CubeIDE_1.18.0/STM32CubeIDE/plugins/com.st.stm32cube.ide.mcu.externaltools.gnu-tools-for-stm32.13.3.rel1.win32_1.0.0.202411081344/tools/bin/../lib/gcc/arm-none-eabi/13.3.1/../../../../arm-none-eabi/lib/thumb/v8-m.main+fp/hard\libc_nano.a(libc_a-stdio.o)
                0x080120c4                __sread
 .text.__swrite
                0x080120e6       0x38 C:/ST/STM32CubeIDE_1.18.0/STM32CubeIDE/plugins/com.st.stm32cube.ide.mcu.externaltools.gnu-tools-for-stm32.13.3.rel1.win32_1.0.0.202411081344/tools/bin/../lib/gcc/arm-none-eabi/13.3.1/../../../../arm-none-eabi/lib/thumb/v8-m.main+fp/hard\libc_nano.a(libc_a-stdio.o)
                0x080120e6                __swrite
 .text.__sseek  0x0801211e       0x24 C:/ST/STM32CubeIDE_1.18.0/STM32CubeIDE/plugins/com.st.stm32cube.ide.mcu.externaltools.gnu-tools-for-stm32.13.3.rel1.win32_1.0.0.202411081344/tools/bin/../lib/gcc/arm-none-eabi/13.3.1/../../../../arm-none-eabi/lib/thumb/v8-m.main+fp/hard\libc_nano.a(libc_a-stdio.o)
                0x0801211e                __sseek
 .text.__sclose
                0x08012142        0x8 C:/ST/STM32CubeIDE_1.18.0/STM32CubeIDE/plugins/com.st.stm32cube.ide.mcu.externaltools.gnu-tools-for-stm32.13.3.rel1.win32_1.0.0.202411081344/tools/bin/../lib/gcc/arm-none-eabi/13.3.1/../../../../arm-none-eabi/lib/thumb/v8-m.main+fp/hard\libc_nano.a(libc_a-stdio.o)
                0x08012142                __sclose
 .text.memset   0x0801214a       0x10 C:/ST/STM32CubeIDE_1.18.0/STM32CubeIDE/plugins/com.st.stm32cube.ide.mcu.externaltools.gnu-tools-for-stm32.13.3.rel1.win32_1.0.0.202411081344/tools/bin/../lib/gcc/arm-none-eabi/13.3.1/../../../../arm-none-eabi/lib/thumb/v8-m.main+fp/hard\libc_nano.a(libc_a-memset.o)
                0x0801214a                memset
 *fill*         0x0801215a        0x2 
 .text._localeconv_r
                0x0801215c        0x8 C:/ST/STM32CubeIDE_1.18.0/STM32CubeIDE/plugins/com.st.stm32cube.ide.mcu.externaltools.gnu-tools-for-stm32.13.3.rel1.win32_1.0.0.202411081344/tools/bin/../lib/gcc/arm-none-eabi/13.3.1/../../../../arm-none-eabi/lib/thumb/v8-m.main+fp/hard\libc_nano.a(libc_a-localeconv.o)
                0x0801215c                _localeconv_r
 .text._close_r
                0x08012164       0x20 C:/ST/STM32CubeIDE_1.18.0/STM32CubeIDE/plugins/com.st.stm32cube.ide.mcu.externaltools.gnu-tools-for-stm32.13.3.rel1.win32_1.0.0.202411081344/tools/bin/../lib/gcc/arm-none-eabi/13.3.1/../../../../arm-none-eabi/lib/thumb/v8-m.main+fp/hard\libc_nano.a(libc_a-closer.o)
                0x08012164                _close_r
 .text._lseek_r
                0x08012184       0x24 C:/ST/STM32CubeIDE_1.18.0/STM32CubeIDE/plugins/com.st.stm32cube.ide.mcu.externaltools.gnu-tools-for-stm32.13.3.rel1.win32_1.0.0.202411081344/tools/bin/../lib/gcc/arm-none-eabi/13.3.1/../../../../arm-none-eabi/lib/thumb/v8-m.main+fp/hard\libc_nano.a(libc_a-lseekr.o)
                0x08012184                _lseek_r
 .text._read_r  0x080121a8       0x24 C:/ST/STM32CubeIDE_1.18.0/STM32CubeIDE/plugins/com.st.stm32cube.ide.mcu.externaltools.gnu-tools-for-stm32.13.3.rel1.win32_1.0.0.202411081344/tools/bin/../lib/gcc/arm-none-eabi/13.3.1/../../../../arm-none-eabi/lib/thumb/v8-m.main+fp/hard\libc_nano.a(libc_a-readr.o)
                0x080121a8                _read_r
 .text._write_r
                0x080121cc       0x24 C:/ST/STM32CubeIDE_1.18.0/STM32CubeIDE/plugins/com.st.stm32cube.ide.mcu.externaltools.gnu-tools-for-stm32.13.3.rel1.win32_1.0.0.202411081344/tools/bin/../lib/gcc/arm-none-eabi/13.3.1/../../../../arm-none-eabi/lib/thumb/v8-m.main+fp/hard\libc_nano.a(libc_a-writer.o)
                0x080121cc                _write_r
 .text.__errno  0x080121f0        0xc C:/ST/STM32CubeIDE_1.18.0/STM32CubeIDE/plugins/com.st.stm32cube.ide.mcu.externaltools.gnu-tools-for-stm32.13.3.rel1.win32_1.0.0.202411081344/tools/bin/../lib/gcc/arm-none-eabi/13.3.1/../../../../arm-none-eabi/lib/thumb/v8-m.main+fp/hard\libc_nano.a(libc_a-errno.o)
                0x080121f0                __errno
 .text.__libc_init_array
                0x080121fc       0x48 C:/ST/STM32CubeIDE_1.18.0/STM32CubeIDE/plugins/com.st.stm32cube.ide.mcu.externaltools.gnu-tools-for-stm32.13.3.rel1.win32_1.0.0.202411081344/tools/bin/../lib/gcc/arm-none-eabi/13.3.1/../../../../arm-none-eabi/lib/thumb/v8-m.main+fp/hard\libc_nano.a(libc_a-init.o)
                0x080121fc                __libc_init_array
 .text.__retarget_lock_init_recursive
                0x08012244        0x2 C:/ST/STM32CubeIDE_1.18.0/STM32CubeIDE/plugins/com.st.stm32cube.ide.mcu.externaltools.gnu-tools-for-stm32.13.3.rel1.win32_1.0.0.202411081344/tools/bin/../lib/gcc/arm-none-eabi/13.3.1/../../../../arm-none-eabi/lib/thumb/v8-m.main+fp/hard\libc_nano.a(libc_a-lock.o)
                0x08012244                __retarget_lock_init_recursive
 .text.__retarget_lock_acquire_recursive
                0x08012246        0x2 C:/ST/STM32CubeIDE_1.18.0/STM32CubeIDE/plugins/com.st.stm32cube.ide.mcu.externaltools.gnu-tools-for-stm32.13.3.rel1.win32_1.0.0.202411081344/tools/bin/../lib/gcc/arm-none-eabi/13.3.1/../../../../arm-none-eabi/lib/thumb/v8-m.main+fp/hard\libc_nano.a(libc_a-lock.o)
                0x08012246                __retarget_lock_acquire_recursive
 .text.__retarget_lock_release_recursive
                0x08012248        0x2 C:/ST/STM32CubeIDE_1.18.0/STM32CubeIDE/plugins/com.st.stm32cube.ide.mcu.externaltools.gnu-tools-for-stm32.13.3.rel1.win32_1.0.0.202411081344/tools/bin/../lib/gcc/arm-none-eabi/13.3.1/../../../../arm-none-eabi/lib/thumb/v8-m.main+fp/hard\libc_nano.a(libc_a-lock.o)
                0x08012248                __retarget_lock_release_recursive
 .text.memchr   0x0801224a       0x1c C:/ST/STM32CubeIDE_1.18.0/STM32CubeIDE/plugins/com.st.stm32cube.ide.mcu.externaltools.gnu-tools-for-stm32.13.3.rel1.win32_1.0.0.202411081344/tools/bin/../lib/gcc/arm-none-eabi/13.3.1/../../../../arm-none-eabi/lib/thumb/v8-m.main+fp/hard\libc_nano.a(libc_a-memchr-stub.o)
                0x0801224a                memchr
 .text.quorem   0x08012266      0x11a C:/ST/STM32CubeIDE_1.18.0/STM32CubeIDE/plugins/com.st.stm32cube.ide.mcu.externaltools.gnu-tools-for-stm32.13.3.rel1.win32_1.0.0.202411081344/tools/bin/../lib/gcc/arm-none-eabi/13.3.1/../../../../arm-none-eabi/lib/thumb/v8-m.main+fp/hard\libc_nano.a(libc_a-dtoa.o)
 .text._dtoa_r  0x08012380      0xba4 C:/ST/STM32CubeIDE_1.18.0/STM32CubeIDE/plugins/com.st.stm32cube.ide.mcu.externaltools.gnu-tools-for-stm32.13.3.rel1.win32_1.0.0.202411081344/tools/bin/../lib/gcc/arm-none-eabi/13.3.1/../../../../arm-none-eabi/lib/thumb/v8-m.main+fp/hard\libc_nano.a(libc_a-dtoa.o)
                0x08012380                _dtoa_r
 .text._free_r  0x08012f24       0x94 C:/ST/STM32CubeIDE_1.18.0/STM32CubeIDE/plugins/com.st.stm32cube.ide.mcu.externaltools.gnu-tools-for-stm32.13.3.rel1.win32_1.0.0.202411081344/tools/bin/../lib/gcc/arm-none-eabi/13.3.1/../../../../arm-none-eabi/lib/thumb/v8-m.main+fp/hard\libc_nano.a(libc_a-freer.o)
                0x08012f24                _free_r
 .text.malloc   0x08012fb8       0x10 C:/ST/STM32CubeIDE_1.18.0/STM32CubeIDE/plugins/com.st.stm32cube.ide.mcu.externaltools.gnu-tools-for-stm32.13.3.rel1.win32_1.0.0.202411081344/tools/bin/../lib/gcc/arm-none-eabi/13.3.1/../../../../arm-none-eabi/lib/thumb/v8-m.main+fp/hard\libc_nano.a(libc_a-malloc.o)
                0x08012fb8                malloc
 .text.sbrk_aligned
                0x08012fc8       0x44 C:/ST/STM32CubeIDE_1.18.0/STM32CubeIDE/plugins/com.st.stm32cube.ide.mcu.externaltools.gnu-tools-for-stm32.13.3.rel1.win32_1.0.0.202411081344/tools/bin/../lib/gcc/arm-none-eabi/13.3.1/../../../../arm-none-eabi/lib/thumb/v8-m.main+fp/hard\libc_nano.a(libc_a-mallocr.o)
 .text._malloc_r
                0x0801300c      0x100 C:/ST/STM32CubeIDE_1.18.0/STM32CubeIDE/plugins/com.st.stm32cube.ide.mcu.externaltools.gnu-tools-for-stm32.13.3.rel1.win32_1.0.0.202411081344/tools/bin/../lib/gcc/arm-none-eabi/13.3.1/../../../../arm-none-eabi/lib/thumb/v8-m.main+fp/hard\libc_nano.a(libc_a-mallocr.o)
                0x0801300c                _malloc_r
 .text.__malloc_lock
                0x0801310c        0xc C:/ST/STM32CubeIDE_1.18.0/STM32CubeIDE/plugins/com.st.stm32cube.ide.mcu.externaltools.gnu-tools-for-stm32.13.3.rel1.win32_1.0.0.202411081344/tools/bin/../lib/gcc/arm-none-eabi/13.3.1/../../../../arm-none-eabi/lib/thumb/v8-m.main+fp/hard\libc_nano.a(libc_a-mlock.o)
                0x0801310c                __malloc_lock
 .text.__malloc_unlock
                0x08013118        0xc C:/ST/STM32CubeIDE_1.18.0/STM32CubeIDE/plugins/com.st.stm32cube.ide.mcu.externaltools.gnu-tools-for-stm32.13.3.rel1.win32_1.0.0.202411081344/tools/bin/../lib/gcc/arm-none-eabi/13.3.1/../../../../arm-none-eabi/lib/thumb/v8-m.main+fp/hard\libc_nano.a(libc_a-mlock.o)
                0x08013118                __malloc_unlock
 .text._Balloc  0x08013124       0x80 C:/ST/STM32CubeIDE_1.18.0/STM32CubeIDE/plugins/com.st.stm32cube.ide.mcu.externaltools.gnu-tools-for-stm32.13.3.rel1.win32_1.0.0.202411081344/tools/bin/../lib/gcc/arm-none-eabi/13.3.1/../../../../arm-none-eabi/lib/thumb/v8-m.main+fp/hard\libc_nano.a(libc_a-mprec.o)
                0x08013124                _Balloc
 .text._Bfree   0x080131a4       0x44 C:/ST/STM32CubeIDE_1.18.0/STM32CubeIDE/plugins/com.st.stm32cube.ide.mcu.externaltools.gnu-tools-for-stm32.13.3.rel1.win32_1.0.0.202411081344/tools/bin/../lib/gcc/arm-none-eabi/13.3.1/../../../../arm-none-eabi/lib/thumb/v8-m.main+fp/hard\libc_nano.a(libc_a-mprec.o)
                0x080131a4                _Bfree
 .text.__multadd
                0x080131e8       0x90 C:/ST/STM32CubeIDE_1.18.0/STM32CubeIDE/plugins/com.st.stm32cube.ide.mcu.externaltools.gnu-tools-for-stm32.13.3.rel1.win32_1.0.0.202411081344/tools/bin/../lib/gcc/arm-none-eabi/13.3.1/../../../../arm-none-eabi/lib/thumb/v8-m.main+fp/hard\libc_nano.a(libc_a-mprec.o)
                0x080131e8                __multadd
 .text.__hi0bits
                0x08013278       0x3e C:/ST/STM32CubeIDE_1.18.0/STM32CubeIDE/plugins/com.st.stm32cube.ide.mcu.externaltools.gnu-tools-for-stm32.13.3.rel1.win32_1.0.0.202411081344/tools/bin/../lib/gcc/arm-none-eabi/13.3.1/../../../../arm-none-eabi/lib/thumb/v8-m.main+fp/hard\libc_nano.a(libc_a-mprec.o)
                0x08013278                __hi0bits
 .text.__lo0bits
                0x080132b6       0x5a C:/ST/STM32CubeIDE_1.18.0/STM32CubeIDE/plugins/com.st.stm32cube.ide.mcu.externaltools.gnu-tools-for-stm32.13.3.rel1.win32_1.0.0.202411081344/tools/bin/../lib/gcc/arm-none-eabi/13.3.1/../../../../arm-none-eabi/lib/thumb/v8-m.main+fp/hard\libc_nano.a(libc_a-mprec.o)
                0x080132b6                __lo0bits
 .text.__i2b    0x08013310       0x2c C:/ST/STM32CubeIDE_1.18.0/STM32CubeIDE/plugins/com.st.stm32cube.ide.mcu.externaltools.gnu-tools-for-stm32.13.3.rel1.win32_1.0.0.202411081344/tools/bin/../lib/gcc/arm-none-eabi/13.3.1/../../../../arm-none-eabi/lib/thumb/v8-m.main+fp/hard\libc_nano.a(libc_a-mprec.o)
                0x08013310                __i2b
 .text.__multiply
                0x0801333c      0x148 C:/ST/STM32CubeIDE_1.18.0/STM32CubeIDE/plugins/com.st.stm32cube.ide.mcu.externaltools.gnu-tools-for-stm32.13.3.rel1.win32_1.0.0.202411081344/tools/bin/../lib/gcc/arm-none-eabi/13.3.1/../../../../arm-none-eabi/lib/thumb/v8-m.main+fp/hard\libc_nano.a(libc_a-mprec.o)
                0x0801333c                __multiply
 .text.__pow5mult
                0x08013484       0xb4 C:/ST/STM32CubeIDE_1.18.0/STM32CubeIDE/plugins/com.st.stm32cube.ide.mcu.externaltools.gnu-tools-for-stm32.13.3.rel1.win32_1.0.0.202411081344/tools/bin/../lib/gcc/arm-none-eabi/13.3.1/../../../../arm-none-eabi/lib/thumb/v8-m.main+fp/hard\libc_nano.a(libc_a-mprec.o)
                0x08013484                __pow5mult
 .text.__lshift
                0x08013538       0xd8 C:/ST/STM32CubeIDE_1.18.0/STM32CubeIDE/plugins/com.st.stm32cube.ide.mcu.externaltools.gnu-tools-for-stm32.13.3.rel1.win32_1.0.0.202411081344/tools/bin/../lib/gcc/arm-none-eabi/13.3.1/../../../../arm-none-eabi/lib/thumb/v8-m.main+fp/hard\libc_nano.a(libc_a-mprec.o)
                0x08013538                __lshift
 .text.__mcmp   0x08013610       0x36 C:/ST/STM32CubeIDE_1.18.0/STM32CubeIDE/plugins/com.st.stm32cube.ide.mcu.externaltools.gnu-tools-for-stm32.13.3.rel1.win32_1.0.0.202411081344/tools/bin/../lib/gcc/arm-none-eabi/13.3.1/../../../../arm-none-eabi/lib/thumb/v8-m.main+fp/hard\libc_nano.a(libc_a-mprec.o)
                0x08013610                __mcmp
 *fill*         0x08013646        0x2 
 .text.__mdiff  0x08013648      0x130 C:/ST/STM32CubeIDE_1.18.0/STM32CubeIDE/plugins/com.st.stm32cube.ide.mcu.externaltools.gnu-tools-for-stm32.13.3.rel1.win32_1.0.0.202411081344/tools/bin/../lib/gcc/arm-none-eabi/13.3.1/../../../../arm-none-eabi/lib/thumb/v8-m.main+fp/hard\libc_nano.a(libc_a-mprec.o)
                0x08013648                __mdiff
 .text.__d2b    0x08013778       0xb0 C:/ST/STM32CubeIDE_1.18.0/STM32CubeIDE/plugins/com.st.stm32cube.ide.mcu.externaltools.gnu-tools-for-stm32.13.3.rel1.win32_1.0.0.202411081344/tools/bin/../lib/gcc/arm-none-eabi/13.3.1/../../../../arm-none-eabi/lib/thumb/v8-m.main+fp/hard\libc_nano.a(libc_a-mprec.o)
                0x08013778                __d2b
 .text.__sflush_r
                0x08013828      0x108 C:/ST/STM32CubeIDE_1.18.0/STM32CubeIDE/plugins/com.st.stm32cube.ide.mcu.externaltools.gnu-tools-for-stm32.13.3.rel1.win32_1.0.0.202411081344/tools/bin/../lib/gcc/arm-none-eabi/13.3.1/../../../../arm-none-eabi/lib/thumb/v8-m.main+fp/hard\libc_nano.a(libc_a-fflush.o)
                0x08013828                __sflush_r
 .text._fflush_r