../Core/Src/bluetooth.c:41:6:BLE_HardReset	8	static
../Core/Src/bluetooth.c:55:6:BLE_Initialize	160	static
../Core/Src/bluetooth.c:96:6:BLE_EnterDormantMode	32	static
../Core/Src/bluetooth.c:123:6:BLE_WakeUp	8	static
../Core/Src/bluetooth.c:140:6:BLE_EnterLowPowerMode	120	static
../Core/Src/bluetooth.c:160:6:BLE_ExitLowPowerMode	120	static
../Core/Src/bluetooth.c:181:6:BLE_SetSlowAdvertisements	136	static
../Core/Src/bluetooth.c:204:6:BLE_SendData	16	static
../Core/Src/bluetooth.c:215:6:BLE_ReceiveData	16	static
../Core/Src/bluetooth.c:227:6:BLE_SendPacket	40	static
../Core/Src/bluetooth.c:270:13:enter_command_mode	24	static
../Core/Src/bluetooth.c:283:13:exit_command_mode	16	static
