../Core/Src/SPI_NAND.c:77:5:spi_nand_init	16	static
../Core/Src/SPI_NAND.c:102:5:spi_nand_feature_page	2072	static
../Core/Src/SPI_NAND.c:139:5:reset	16	static
../Core/Src/SPI_NAND.c:160:5:block_erase	32	static
../Core/Src/SPI_NAND.c:191:5:read_id	16	static
../Core/Src/SPI_NAND.c:223:5:unlock_all_blocks	16	static
../Core/Src/SPI_NAND.c:233:5:enable_ecc	16	static
../Core/Src/SPI_NAND.c:245:5:spi_nand_block_is_bad	24	static
../Core/Src/SPI_NAND.c:271:5:spi_nand_block_erase	24	static
../Core/Src/SPI_NAND.c:290:5:spi_nand_page_read	32	static
../Core/Src/SPI_NAND.c:312:5:spi_write_read	32	static
../Core/Src/SPI_NAND.c:325:6:spi_nand_page_program_chunk	24	static
../Core/Src/SPI_NAND.c:336:5:spi_nand_page_program	32	static
../Core/Src/SPI_NAND.c:363:5:page_read	32	static
../Core/Src/SPI_NAND.c:394:5:read_from_cache	40	static
../Core/Src/SPI_NAND.c:434:5:write_enable	24	static
../Core/Src/SPI_NAND.c:455:5:program_load	40	static
../Core/Src/SPI_NAND.c:489:5:program_load_random_data	40	static
../Core/Src/SPI_NAND.c:518:5:program_execute	32	static
../Core/Src/SPI_NAND.c:551:5:set_feature	24	static
../Core/Src/SPI_NAND.c:586:5:get_feature	32	static
../Core/Src/SPI_NAND.c:617:22:poll_for_oip_clear	24	static
../Core/Src/SPI_NAND.c:648:5:get_ret_from_ecc_status	24	static
../Core/Src/SPI_NAND.c:674:6:cs_select	8	static
../Core/Src/SPI_NAND.c:679:6:cs_deselect	8	static
../Core/Src/SPI_NAND.c:684:6:validate_row_address	16	static
../Core/Src/SPI_NAND.c:695:6:validate_column_address	16	static
../Core/Src/SPI_NAND.c:706:5:spi_read	24	static
../Core/Src/SPI_NAND.c:712:5:spi_write	32	static
../Core/Src/SPI_NAND.c:719:6:write_memory	8	static
../Core/Src/SPI_NAND.c:750:6:read_memory_and_transmit	24	static
../Core/Src/SPI_NAND.c:781:6:erase_memory	8	static
